[UID:1634][3491134] Child process with pid: 3491155 was killed by signal: 15, core dumped: no
io.UnsupportedOperation: fileno
io.UnsupportedOperation: fileno
[UID:1634][3501629] Child process with pid: 3502063 was killed by signal: 15, core dumped: no
io.UnsupportedOperation: fileno
[UID:1634][3531613] Reached max children process limit: 6, extra: 2, current: 8, busy: 7, please increase LSAPI_CHILDREN.
[UID:1634][3531613] Reached max children process limit: 6, extra: 2, current: 8, busy: 8, please increase LSAPI_CHILDREN.
[UID:1634][3531613] Reached max children process limit: 6, extra: 2, current: 8, busy: 8, please increase LSAPI_CHILDREN.
[UID:1634][3531613] Reached max children process limit: 6, extra: 2, current: 8, busy: 8, please increase LSAPI_CHILDREN.
[UID:1634][3531613] Reached max children process limit: 6, extra: 2, current: 8, busy: 8, please increase LSAPI_CHILDREN.
[UID:1634][3531613] Reached max children process limit: 6, extra: 2, current: 8, busy: 8, please increase LSAPI_CHILDREN.
[UID:1634][3531613] Reached max children process limit: 6, extra: 2, current: 8, busy: 8, please increase LSAPI_CHILDREN.
[UID:1634][3531613] Reached max children process limit: 6, extra: 2, current: 8, busy: 8, please increase LSAPI_CHILDREN.
[UID:1634][3531613] Reached max children process limit: 6, extra: 2, current: 8, busy: 8, please increase LSAPI_CHILDREN.
[UID:1634][3531613] Reached max children process limit: 6, extra: 2, current: 8, busy: 8, please increase LSAPI_CHILDREN.
[UID:1634][3531613] Reached max children process limit: 6, extra: 2, current: 8, busy: 8, please increase LSAPI_CHILDREN.
[UID:1634][3531613] Reached max children process limit: 6, extra: 2, current: 8, busy: 8, please increase LSAPI_CHILDREN.
[UID:1634][3531613] Reached max children process limit: 6, extra: 2, current: 8, busy: 8, please increase LSAPI_CHILDREN.
[UID:1634][3531613] Reached max children process limit: 6, extra: 2, current: 8, busy: 8, please increase LSAPI_CHILDREN.
[UID:1634][3531613] Reached max children process limit: 6, extra: 2, current: 8, busy: 8, please increase LSAPI_CHILDREN.
[UID:1634][3531613] Reached max children process limit: 6, extra: 2, current: 8, busy: 8, please increase LSAPI_CHILDREN.
[UID:1634][3531613] Reached max children process limit: 6, extra: 2, current: 8, busy: 8, please increase LSAPI_CHILDREN.
[UID:1634][3531613] Reached max children process limit: 6, extra: 2, current: 8, busy: 8, please increase LSAPI_CHILDREN.
[UID:1634][3531613] Reached max children process limit: 6, extra: 2, current: 8, busy: 8, please increase LSAPI_CHILDREN.
[UID:1634][3531613] Reached max children process limit: 6, extra: 2, current: 8, busy: 8, please increase LSAPI_CHILDREN.
[UID:1634][3531613] Reached max children process limit: 6, extra: 2, current: 8, busy: 8, please increase LSAPI_CHILDREN.
[UID:1634][3531613] Reached max children process limit: 6, extra: 2, current: 8, busy: 8, please increase LSAPI_CHILDREN.
[UID:1634][3531613] Reached max children process limit: 6, extra: 2, current: 8, busy: 8, please increase LSAPI_CHILDREN.
[UID:1634][3531613] Reached max children process limit: 6, extra: 2, current: 8, busy: 7, please increase LSAPI_CHILDREN.
/home/seketal1/virtualenv/wedding_digital/3.10/lib/python3.10/site-packages/django/core/handlers/base.py:61: UserWarning: No directory at: /home/seketal1/wedding_digital/staticfiles/
  mw_instance = middleware(adapted_handler)
/home/seketal1/virtualenv/wedding_digital/3.10/lib/python3.10/site-packages/django/core/handlers/base.py:61: UserWarning: No directory at: /home/seketal1/wedding_digital/staticfiles/
  mw_instance = middleware(adapted_handler)
/home/seketal1/virtualenv/wedding_digital/3.10/lib/python3.10/site-packages/django/core/handlers/base.py:61: UserWarning: No directory at: /home/seketal1/wedding_digital/staticfiles/
  mw_instance = middleware(adapted_handler)
/home/seketal1/virtualenv/wedding_digital/3.10/lib/python3.10/site-packages/django/core/handlers/base.py:61: UserWarning: No directory at: /home/seketal1/wedding_digital/staticfiles/
  mw_instance = middleware(adapted_handler)
/home/seketal1/virtualenv/wedding_digital/3.10/lib/python3.10/site-packages/django/core/handlers/base.py:61: UserWarning: No directory at: /home/seketal1/wedding_digital/staticfiles/
  mw_instance = middleware(adapted_handler)
/home/seketal1/virtualenv/wedding_digital/3.10/lib/python3.10/site-packages/django/core/handlers/base.py:61: UserWarning: No directory at: /home/seketal1/wedding_digital/staticfiles/
  mw_instance = middleware(adapted_handler)
/home/seketal1/virtualenv/wedding_digital/3.10/lib/python3.10/site-packages/django/core/handlers/base.py:61: UserWarning: No directory at: /home/seketal1/wedding_digital/staticfiles/
  mw_instance = middleware(adapted_handler)
/home/seketal1/virtualenv/wedding_digital/3.10/lib/python3.10/site-packages/django/core/handlers/base.py:61: UserWarning: No directory at: /home/seketal1/wedding_digital/staticfiles/
  mw_instance = middleware(adapted_handler)
/home/seketal1/virtualenv/wedding_digital/3.10/lib/python3.10/site-packages/django/core/handlers/base.py:61: UserWarning: No directory at: /home/seketal1/wedding_digital/staticfiles/
  mw_instance = middleware(adapted_handler)
/home/seketal1/virtualenv/wedding_digital/3.10/lib/python3.10/site-packages/django/core/handlers/base.py:61: UserWarning: No directory at: /home/seketal1/wedding_digital/staticfiles/
  mw_instance = middleware(adapted_handler)
/home/seketal1/virtualenv/wedding_digital/3.10/lib/python3.10/site-packages/django/core/handlers/base.py:61: UserWarning: No directory at: /home/seketal1/wedding_digital/staticfiles/
  mw_instance = middleware(adapted_handler)
/home/seketal1/virtualenv/wedding_digital/3.10/lib/python3.10/site-packages/django/core/handlers/base.py:61: UserWarning: No directory at: /home/seketal1/wedding_digital/staticfiles/
  mw_instance = middleware(adapted_handler)
