ERROR 2026-08-08 11:00:28,548 log 3057530 140275514709824 Internal Server Error: /
Traceback (most recent call last):
  File "/home/seketal1/virtualenv/wedding_digital/3.10/lib/python3.10/site-packages/django/template/utils.py", line 69, in __getitem__
    return self._engines[alias]
KeyError: 'django'

During handling of the above exception, another exception occurred:

Traceback (most recent call last):
  File "/home/seketal1/virtualenv/wedding_digital/3.10/lib/python3.10/site-packages/django/template/backends/django.py", line 174, in get_package_libraries
    module = import_module(entry[1])
  File "/opt/alt/python310/lib64/python3.10/importlib/__init__.py", line 126, in import_module
    return _bootstrap._gcd_import(name[level:], package, level)
  File "<frozen importlib._bootstrap>", line 1050, in _gcd_import
  File "<frozen importlib._bootstrap>", line 1027, in _find_and_load
  File "<frozen importlib._bootstrap>", line 1006, in _find_and_load_unlocked
  File "<frozen importlib._bootstrap>", line 688, in _load_unlocked
  File "<frozen importlib._bootstrap_external>", line 883, in exec_module
  File "<frozen importlib._bootstrap>", line 241, in _call_with_frames_removed
  File "/home/seketal1/wedding_digital/invitation/templatetags/shamsi.py", line 1, in <module>
    import jdatetime
ModuleNotFoundError: No module named 'jdatetime'

The above exception was the direct cause of the following exception:

Traceback (most recent call last):
  File "/home/seketal1/virtualenv/wedding_digital/3.10/lib/python3.10/site-packages/django/core/handlers/exception.py", line 55, in inner
    response = get_response(request)
  File "/home/seketal1/virtualenv/wedding_digital/3.10/lib/python3.10/site-packages/django/core/handlers/base.py", line 197, in _get_response
    response = wrapped_callback(request, *callback_args, **callback_kwargs)
  File "/home/seketal1/wedding_digital/invitation/views.py", line 34, in invitation_view
    return render(request, 'invitation/home.html', {'invitation': invitation})
  File "/home/seketal1/virtualenv/wedding_digital/3.10/lib/python3.10/site-packages/django/shortcuts.py", line 25, in render
    content = loader.render_to_string(template_name, context, request, using=using)
  File "/home/seketal1/virtualenv/wedding_digital/3.10/lib/python3.10/site-packages/django/template/loader.py", line 61, in render_to_string
    template = get_template(template_name, using=using)
  File "/home/seketal1/virtualenv/wedding_digital/3.10/lib/python3.10/site-packages/django/template/loader.py", line 12, in get_template
    engines = _engine_list(using)
  File "/home/seketal1/virtualenv/wedding_digital/3.10/lib/python3.10/site-packages/django/template/loader.py", line 66, in _engine_list
    return engines.all() if using is None else [engines[using]]
  File "/home/seketal1/virtualenv/wedding_digital/3.10/lib/python3.10/site-packages/django/template/utils.py", line 94, in all
    return [self[alias] for alias in self]
  File "/home/seketal1/virtualenv/wedding_digital/3.10/lib/python3.10/site-packages/django/template/utils.py", line 94, in <listcomp>
    return [self[alias] for alias in self]
  File "/home/seketal1/virtualenv/wedding_digital/3.10/lib/python3.10/site-packages/django/template/utils.py", line 85, in __getitem__
    engine = engine_cls(params)
  File "/home/seketal1/virtualenv/wedding_digital/3.10/lib/python3.10/site-packages/django/template/backends/django.py", line 26, in __init__
    options["libraries"] = self.get_templatetag_libraries(libraries)
  File "/home/seketal1/virtualenv/wedding_digital/3.10/lib/python3.10/site-packages/django/template/backends/django.py", line 88, in get_templatetag_libraries
    libraries = get_installed_libraries()
  File "/home/seketal1/virtualenv/wedding_digital/3.10/lib/python3.10/site-packages/django/template/backends/django.py", line 162, in get_installed_libraries
    return {
  File "/home/seketal1/virtualenv/wedding_digital/3.10/lib/python3.10/site-packages/django/template/backends/django.py", line 162, in <dictcomp>
    return {
  File "/home/seketal1/virtualenv/wedding_digital/3.10/lib/python3.10/site-packages/django/template/backends/django.py", line 151, in get_template_tag_modules
    for name in get_package_libraries(pkg):
  File "/home/seketal1/virtualenv/wedding_digital/3.10/lib/python3.10/site-packages/django/template/backends/django.py", line 176, in get_package_libraries
    raise InvalidTemplateLibrary(
django.template.library.InvalidTemplateLibrary: Invalid template library specified. ImportError raised when trying to load 'invitation.templatetags.shamsi': No module named 'jdatetime'
ERROR 2026-08-08 11:01:00,188 log 3057530 140275514709824 Internal Server Error: /
Traceback (most recent call last):
  File "/home/seketal1/virtualenv/wedding_digital/3.10/lib/python3.10/site-packages/django/template/utils.py", line 69, in __getitem__
    return self._engines[alias]
KeyError: 'django'

During handling of the above exception, another exception occurred:

Traceback (most recent call last):
  File "/home/seketal1/virtualenv/wedding_digital/3.10/lib/python3.10/site-packages/django/template/backends/django.py", line 174, in get_package_libraries
    module = import_module(entry[1])
  File "/opt/alt/python310/lib64/python3.10/importlib/__init__.py", line 126, in import_module
    return _bootstrap._gcd_import(name[level:], package, level)
  File "<frozen importlib._bootstrap>", line 1050, in _gcd_import
  File "<frozen importlib._bootstrap>", line 1027, in _find_and_load
  File "<frozen importlib._bootstrap>", line 1006, in _find_and_load_unlocked
  File "<frozen importlib._bootstrap>", line 688, in _load_unlocked
  File "<frozen importlib._bootstrap_external>", line 883, in exec_module
  File "<frozen importlib._bootstrap>", line 241, in _call_with_frames_removed
  File "/home/seketal1/wedding_digital/invitation/templatetags/shamsi.py", line 1, in <module>
    import jdatetime
ModuleNotFoundError: No module named 'jdatetime'

The above exception was the direct cause of the following exception:

Traceback (most recent call last):
  File "/home/seketal1/virtualenv/wedding_digital/3.10/lib/python3.10/site-packages/django/core/handlers/exception.py", line 55, in inner
    response = get_response(request)
  File "/home/seketal1/virtualenv/wedding_digital/3.10/lib/python3.10/site-packages/django/core/handlers/base.py", line 197, in _get_response
    response = wrapped_callback(request, *callback_args, **callback_kwargs)
  File "/home/seketal1/wedding_digital/invitation/views.py", line 34, in invitation_view
    return render(request, 'invitation/home.html', {'invitation': invitation})
  File "/home/seketal1/virtualenv/wedding_digital/3.10/lib/python3.10/site-packages/django/shortcuts.py", line 25, in render
    content = loader.render_to_string(template_name, context, request, using=using)
  File "/home/seketal1/virtualenv/wedding_digital/3.10/lib/python3.10/site-packages/django/template/loader.py", line 61, in render_to_string
    template = get_template(template_name, using=using)
  File "/home/seketal1/virtualenv/wedding_digital/3.10/lib/python3.10/site-packages/django/template/loader.py", line 12, in get_template
    engines = _engine_list(using)
  File "/home/seketal1/virtualenv/wedding_digital/3.10/lib/python3.10/site-packages/django/template/loader.py", line 66, in _engine_list
    return engines.all() if using is None else [engines[using]]
  File "/home/seketal1/virtualenv/wedding_digital/3.10/lib/python3.10/site-packages/django/template/utils.py", line 94, in all
    return [self[alias] for alias in self]
  File "/home/seketal1/virtualenv/wedding_digital/3.10/lib/python3.10/site-packages/django/template/utils.py", line 94, in <listcomp>
    return [self[alias] for alias in self]
  File "/home/seketal1/virtualenv/wedding_digital/3.10/lib/python3.10/site-packages/django/template/utils.py", line 85, in __getitem__
    engine = engine_cls(params)
  File "/home/seketal1/virtualenv/wedding_digital/3.10/lib/python3.10/site-packages/django/template/backends/django.py", line 26, in __init__
    options["libraries"] = self.get_templatetag_libraries(libraries)
  File "/home/seketal1/virtualenv/wedding_digital/3.10/lib/python3.10/site-packages/django/template/backends/django.py", line 88, in get_templatetag_libraries
    libraries = get_installed_libraries()
  File "/home/seketal1/virtualenv/wedding_digital/3.10/lib/python3.10/site-packages/django/template/backends/django.py", line 162, in get_installed_libraries
    return {
  File "/home/seketal1/virtualenv/wedding_digital/3.10/lib/python3.10/site-packages/django/template/backends/django.py", line 162, in <dictcomp>
    return {
  File "/home/seketal1/virtualenv/wedding_digital/3.10/lib/python3.10/site-packages/django/template/backends/django.py", line 151, in get_template_tag_modules
    for name in get_package_libraries(pkg):
  File "/home/seketal1/virtualenv/wedding_digital/3.10/lib/python3.10/site-packages/django/template/backends/django.py", line 176, in get_package_libraries
    raise InvalidTemplateLibrary(
django.template.library.InvalidTemplateLibrary: Invalid template library specified. ImportError raised when trying to load 'invitation.templatetags.shamsi': No module named 'jdatetime'
ERROR 2026-08-08 11:01:00,778 log 3057530 140275514709824 Internal Server Error: /
Traceback (most recent call last):
  File "/home/seketal1/virtualenv/wedding_digital/3.10/lib/python3.10/site-packages/django/template/utils.py", line 69, in __getitem__
    return self._engines[alias]
KeyError: 'django'

During handling of the above exception, another exception occurred:

Traceback (most recent call last):
  File "/home/seketal1/virtualenv/wedding_digital/3.10/lib/python3.10/site-packages/django/template/backends/django.py", line 174, in get_package_libraries
    module = import_module(entry[1])
  File "/opt/alt/python310/lib64/python3.10/importlib/__init__.py", line 126, in import_module
    return _bootstrap._gcd_import(name[level:], package, level)
  File "<frozen importlib._bootstrap>", line 1050, in _gcd_import
  File "<frozen importlib._bootstrap>", line 1027, in _find_and_load
  File "<frozen importlib._bootstrap>", line 1006, in _find_and_load_unlocked
  File "<frozen importlib._bootstrap>", line 688, in _load_unlocked
  File "<frozen importlib._bootstrap_external>", line 883, in exec_module
  File "<frozen importlib._bootstrap>", line 241, in _call_with_frames_removed
  File "/home/seketal1/wedding_digital/invitation/templatetags/shamsi.py", line 1, in <module>
    import jdatetime
ModuleNotFoundError: No module named 'jdatetime'

The above exception was the direct cause of the following exception:

Traceback (most recent call last):
  File "/home/seketal1/virtualenv/wedding_digital/3.10/lib/python3.10/site-packages/django/core/handlers/exception.py", line 55, in inner
    response = get_response(request)
  File "/home/seketal1/virtualenv/wedding_digital/3.10/lib/python3.10/site-packages/django/core/handlers/base.py", line 197, in _get_response
    response = wrapped_callback(request, *callback_args, **callback_kwargs)
  File "/home/seketal1/wedding_digital/invitation/views.py", line 34, in invitation_view
    return render(request, 'invitation/home.html', {'invitation': invitation})
  File "/home/seketal1/virtualenv/wedding_digital/3.10/lib/python3.10/site-packages/django/shortcuts.py", line 25, in render
    content = loader.render_to_string(template_name, context, request, using=using)
  File "/home/seketal1/virtualenv/wedding_digital/3.10/lib/python3.10/site-packages/django/template/loader.py", line 61, in render_to_string
    template = get_template(template_name, using=using)
  File "/home/seketal1/virtualenv/wedding_digital/3.10/lib/python3.10/site-packages/django/template/loader.py", line 12, in get_template
    engines = _engine_list(using)
  File "/home/seketal1/virtualenv/wedding_digital/3.10/lib/python3.10/site-packages/django/template/loader.py", line 66, in _engine_list
    return engines.all() if using is None else [engines[using]]
  File "/home/seketal1/virtualenv/wedding_digital/3.10/lib/python3.10/site-packages/django/template/utils.py", line 94, in all
    return [self[alias] for alias in self]
  File "/home/seketal1/virtualenv/wedding_digital/3.10/lib/python3.10/site-packages/django/template/utils.py", line 94, in <listcomp>
    return [self[alias] for alias in self]
  File "/home/seketal1/virtualenv/wedding_digital/3.10/lib/python3.10/site-packages/django/template/utils.py", line 85, in __getitem__
    engine = engine_cls(params)
  File "/home/seketal1/virtualenv/wedding_digital/3.10/lib/python3.10/site-packages/django/template/backends/django.py", line 26, in __init__
    options["libraries"] = self.get_templatetag_libraries(libraries)
  File "/home/seketal1/virtualenv/wedding_digital/3.10/lib/python3.10/site-packages/django/template/backends/django.py", line 88, in get_templatetag_libraries
    libraries = get_installed_libraries()
  File "/home/seketal1/virtualenv/wedding_digital/3.10/lib/python3.10/site-packages/django/template/backends/django.py", line 162, in get_installed_libraries
    return {
  File "/home/seketal1/virtualenv/wedding_digital/3.10/lib/python3.10/site-packages/django/template/backends/django.py", line 162, in <dictcomp>
    return {
  File "/home/seketal1/virtualenv/wedding_digital/3.10/lib/python3.10/site-packages/django/template/backends/django.py", line 151, in get_template_tag_modules
    for name in get_package_libraries(pkg):
  File "/home/seketal1/virtualenv/wedding_digital/3.10/lib/python3.10/site-packages/django/template/backends/django.py", line 176, in get_package_libraries
    raise InvalidTemplateLibrary(
django.template.library.InvalidTemplateLibrary: Invalid template library specified. ImportError raised when trying to load 'invitation.templatetags.shamsi': No module named 'jdatetime'
ERROR 2026-08-08 11:01:01,423 log 3057530 140275514709824 Internal Server Error: /
Traceback (most recent call last):
  File "/home/seketal1/virtualenv/wedding_digital/3.10/lib/python3.10/site-packages/django/template/utils.py", line 69, in __getitem__
    return self._engines[alias]
KeyError: 'django'

During handling of the above exception, another exception occurred:

Traceback (most recent call last):
  File "/home/seketal1/virtualenv/wedding_digital/3.10/lib/python3.10/site-packages/django/template/backends/django.py", line 174, in get_package_libraries
    module = import_module(entry[1])
  File "/opt/alt/python310/lib64/python3.10/importlib/__init__.py", line 126, in import_module
    return _bootstrap._gcd_import(name[level:], package, level)
  File "<frozen importlib._bootstrap>", line 1050, in _gcd_import
  File "<frozen importlib._bootstrap>", line 1027, in _find_and_load
  File "<frozen importlib._bootstrap>", line 1006, in _find_and_load_unlocked
  File "<frozen importlib._bootstrap>", line 688, in _load_unlocked
  File "<frozen importlib._bootstrap_external>", line 883, in exec_module
  File "<frozen importlib._bootstrap>", line 241, in _call_with_frames_removed
  File "/home/seketal1/wedding_digital/invitation/templatetags/shamsi.py", line 1, in <module>
    import jdatetime
ModuleNotFoundError: No module named 'jdatetime'

The above exception was the direct cause of the following exception:

Traceback (most recent call last):
  File "/home/seketal1/virtualenv/wedding_digital/3.10/lib/python3.10/site-packages/django/core/handlers/exception.py", line 55, in inner
    response = get_response(request)
  File "/home/seketal1/virtualenv/wedding_digital/3.10/lib/python3.10/site-packages/django/core/handlers/base.py", line 197, in _get_response
    response = wrapped_callback(request, *callback_args, **callback_kwargs)
  File "/home/seketal1/wedding_digital/invitation/views.py", line 34, in invitation_view
    return render(request, 'invitation/home.html', {'invitation': invitation})
  File "/home/seketal1/virtualenv/wedding_digital/3.10/lib/python3.10/site-packages/django/shortcuts.py", line 25, in render
    content = loader.render_to_string(template_name, context, request, using=using)
  File "/home/seketal1/virtualenv/wedding_digital/3.10/lib/python3.10/site-packages/django/template/loader.py", line 61, in render_to_string
    template = get_template(template_name, using=using)
  File "/home/seketal1/virtualenv/wedding_digital/3.10/lib/python3.10/site-packages/django/template/loader.py", line 12, in get_template
    engines = _engine_list(using)
  File "/home/seketal1/virtualenv/wedding_digital/3.10/lib/python3.10/site-packages/django/template/loader.py", line 66, in _engine_list
    return engines.all() if using is None else [engines[using]]
  File "/home/seketal1/virtualenv/wedding_digital/3.10/lib/python3.10/site-packages/django/template/utils.py", line 94, in all
    return [self[alias] for alias in self]
  File "/home/seketal1/virtualenv/wedding_digital/3.10/lib/python3.10/site-packages/django/template/utils.py", line 94, in <listcomp>
    return [self[alias] for alias in self]
  File "/home/seketal1/virtualenv/wedding_digital/3.10/lib/python3.10/site-packages/django/template/utils.py", line 85, in __getitem__
    engine = engine_cls(params)
  File "/home/seketal1/virtualenv/wedding_digital/3.10/lib/python3.10/site-packages/django/template/backends/django.py", line 26, in __init__
    options["libraries"] = self.get_templatetag_libraries(libraries)
  File "/home/seketal1/virtualenv/wedding_digital/3.10/lib/python3.10/site-packages/django/template/backends/django.py", line 88, in get_templatetag_libraries
    libraries = get_installed_libraries()
  File "/home/seketal1/virtualenv/wedding_digital/3.10/lib/python3.10/site-packages/django/template/backends/django.py", line 162, in get_installed_libraries
    return {
  File "/home/seketal1/virtualenv/wedding_digital/3.10/lib/python3.10/site-packages/django/template/backends/django.py", line 162, in <dictcomp>
    return {
  File "/home/seketal1/virtualenv/wedding_digital/3.10/lib/python3.10/site-packages/django/template/backends/django.py", line 151, in get_template_tag_modules
    for name in get_package_libraries(pkg):
  File "/home/seketal1/virtualenv/wedding_digital/3.10/lib/python3.10/site-packages/django/template/backends/django.py", line 176, in get_package_libraries
    raise InvalidTemplateLibrary(
django.template.library.InvalidTemplateLibrary: Invalid template library specified. ImportError raised when trying to load 'invitation.templatetags.shamsi': No module named 'jdatetime'
ERROR 2026-08-08 11:01:01,713 log 3057530 140275514709824 Internal Server Error: /
Traceback (most recent call last):
  File "/home/seketal1/virtualenv/wedding_digital/3.10/lib/python3.10/site-packages/django/template/utils.py", line 69, in __getitem__
    return self._engines[alias]
KeyError: 'django'

During handling of the above exception, another exception occurred:

Traceback (most recent call last):
  File "/home/seketal1/virtualenv/wedding_digital/3.10/lib/python3.10/site-packages/django/template/backends/django.py", line 174, in get_package_libraries
    module = import_module(entry[1])
  File "/opt/alt/python310/lib64/python3.10/importlib/__init__.py", line 126, in import_module
    return _bootstrap._gcd_import(name[level:], package, level)
  File "<frozen importlib._bootstrap>", line 1050, in _gcd_import
  File "<frozen importlib._bootstrap>", line 1027, in _find_and_load
  File "<frozen importlib._bootstrap>", line 1006, in _find_and_load_unlocked
  File "<frozen importlib._bootstrap>", line 688, in _load_unlocked
  File "<frozen importlib._bootstrap_external>", line 883, in exec_module
  File "<frozen importlib._bootstrap>", line 241, in _call_with_frames_removed
  File "/home/seketal1/wedding_digital/invitation/templatetags/shamsi.py", line 1, in <module>
    import jdatetime
ModuleNotFoundError: No module named 'jdatetime'

The above exception was the direct cause of the following exception:

Traceback (most recent call last):
  File "/home/seketal1/virtualenv/wedding_digital/3.10/lib/python3.10/site-packages/django/core/handlers/exception.py", line 55, in inner
    response = get_response(request)
  File "/home/seketal1/virtualenv/wedding_digital/3.10/lib/python3.10/site-packages/django/core/handlers/base.py", line 197, in _get_response
    response = wrapped_callback(request, *callback_args, **callback_kwargs)
  File "/home/seketal1/wedding_digital/invitation/views.py", line 34, in invitation_view
    return render(request, 'invitation/home.html', {'invitation': invitation})
  File "/home/seketal1/virtualenv/wedding_digital/3.10/lib/python3.10/site-packages/django/shortcuts.py", line 25, in render
    content = loader.render_to_string(template_name, context, request, using=using)
  File "/home/seketal1/virtualenv/wedding_digital/3.10/lib/python3.10/site-packages/django/template/loader.py", line 61, in render_to_string
    template = get_template(template_name, using=using)
  File "/home/seketal1/virtualenv/wedding_digital/3.10/lib/python3.10/site-packages/django/template/loader.py", line 12, in get_template
    engines = _engine_list(using)
  File "/home/seketal1/virtualenv/wedding_digital/3.10/lib/python3.10/site-packages/django/template/loader.py", line 66, in _engine_list
    return engines.all() if using is None else [engines[using]]
  File "/home/seketal1/virtualenv/wedding_digital/3.10/lib/python3.10/site-packages/django/template/utils.py", line 94, in all
    return [self[alias] for alias in self]
  File "/home/seketal1/virtualenv/wedding_digital/3.10/lib/python3.10/site-packages/django/template/utils.py", line 94, in <listcomp>
    return [self[alias] for alias in self]
  File "/home/seketal1/virtualenv/wedding_digital/3.10/lib/python3.10/site-packages/django/template/utils.py", line 85, in __getitem__
    engine = engine_cls(params)
  File "/home/seketal1/virtualenv/wedding_digital/3.10/lib/python3.10/site-packages/django/template/backends/django.py", line 26, in __init__
    options["libraries"] = self.get_templatetag_libraries(libraries)
  File "/home/seketal1/virtualenv/wedding_digital/3.10/lib/python3.10/site-packages/django/template/backends/django.py", line 88, in get_templatetag_libraries
    libraries = get_installed_libraries()
  File "/home/seketal1/virtualenv/wedding_digital/3.10/lib/python3.10/site-packages/django/template/backends/django.py", line 162, in get_installed_libraries
    return {
  File "/home/seketal1/virtualenv/wedding_digital/3.10/lib/python3.10/site-packages/django/template/backends/django.py", line 162, in <dictcomp>
    return {
  File "/home/seketal1/virtualenv/wedding_digital/3.10/lib/python3.10/site-packages/django/template/backends/django.py", line 151, in get_template_tag_modules
    for name in get_package_libraries(pkg):
  File "/home/seketal1/virtualenv/wedding_digital/3.10/lib/python3.10/site-packages/django/template/backends/django.py", line 176, in get_package_libraries
    raise InvalidTemplateLibrary(
django.template.library.InvalidTemplateLibrary: Invalid template library specified. ImportError raised when trying to load 'invitation.templatetags.shamsi': No module named 'jdatetime'
ERROR 2026-08-08 11:01:01,999 log 3057530 140275514709824 Internal Server Error: /
Traceback (most recent call last):
  File "/home/seketal1/virtualenv/wedding_digital/3.10/lib/python3.10/site-packages/django/template/utils.py", line 69, in __getitem__
    return self._engines[alias]
KeyError: 'django'

During handling of the above exception, another exception occurred:

Traceback (most recent call last):
  File "/home/seketal1/virtualenv/wedding_digital/3.10/lib/python3.10/site-packages/django/template/backends/django.py", line 174, in get_package_libraries
    module = import_module(entry[1])
  File "/opt/alt/python310/lib64/python3.10/importlib/__init__.py", line 126, in import_module
    return _bootstrap._gcd_import(name[level:], package, level)
  File "<frozen importlib._bootstrap>", line 1050, in _gcd_import
  File "<frozen importlib._bootstrap>", line 1027, in _find_and_load
  File "<frozen importlib._bootstrap>", line 1006, in _find_and_load_unlocked
  File "<frozen importlib._bootstrap>", line 688, in _load_unlocked
  File "<frozen importlib._bootstrap_external>", line 883, in exec_module
  File "<frozen importlib._bootstrap>", line 241, in _call_with_frames_removed
  File "/home/seketal1/wedding_digital/invitation/templatetags/shamsi.py", line 1, in <module>
    import jdatetime
ModuleNotFoundError: No module named 'jdatetime'

The above exception was the direct cause of the following exception:

Traceback (most recent call last):
  File "/home/seketal1/virtualenv/wedding_digital/3.10/lib/python3.10/site-packages/django/core/handlers/exception.py", line 55, in inner
    response = get_response(request)
  File "/home/seketal1/virtualenv/wedding_digital/3.10/lib/python3.10/site-packages/django/core/handlers/base.py", line 197, in _get_response
    response = wrapped_callback(request, *callback_args, **callback_kwargs)
  File "/home/seketal1/wedding_digital/invitation/views.py", line 34, in invitation_view
    return render(request, 'invitation/home.html', {'invitation': invitation})
  File "/home/seketal1/virtualenv/wedding_digital/3.10/lib/python3.10/site-packages/django/shortcuts.py", line 25, in render
    content = loader.render_to_string(template_name, context, request, using=using)
  File "/home/seketal1/virtualenv/wedding_digital/3.10/lib/python3.10/site-packages/django/template/loader.py", line 61, in render_to_string
    template = get_template(template_name, using=using)
  File "/home/seketal1/virtualenv/wedding_digital/3.10/lib/python3.10/site-packages/django/template/loader.py", line 12, in get_template
    engines = _engine_list(using)
  File "/home/seketal1/virtualenv/wedding_digital/3.10/lib/python3.10/site-packages/django/template/loader.py", line 66, in _engine_list
    return engines.all() if using is None else [engines[using]]
  File "/home/seketal1/virtualenv/wedding_digital/3.10/lib/python3.10/site-packages/django/template/utils.py", line 94, in all
    return [self[alias] for alias in self]
  File "/home/seketal1/virtualenv/wedding_digital/3.10/lib/python3.10/site-packages/django/template/utils.py", line 94, in <listcomp>
    return [self[alias] for alias in self]
  File "/home/seketal1/virtualenv/wedding_digital/3.10/lib/python3.10/site-packages/django/template/utils.py", line 85, in __getitem__
    engine = engine_cls(params)
  File "/home/seketal1/virtualenv/wedding_digital/3.10/lib/python3.10/site-packages/django/template/backends/django.py", line 26, in __init__
    options["libraries"] = self.get_templatetag_libraries(libraries)
  File "/home/seketal1/virtualenv/wedding_digital/3.10/lib/python3.10/site-packages/django/template/backends/django.py", line 88, in get_templatetag_libraries
    libraries = get_installed_libraries()
  File "/home/seketal1/virtualenv/wedding_digital/3.10/lib/python3.10/site-packages/django/template/backends/django.py", line 162, in get_installed_libraries
    return {
  File "/home/seketal1/virtualenv/wedding_digital/3.10/lib/python3.10/site-packages/django/template/backends/django.py", line 162, in <dictcomp>
    return {
  File "/home/seketal1/virtualenv/wedding_digital/3.10/lib/python3.10/site-packages/django/template/backends/django.py", line 151, in get_template_tag_modules
    for name in get_package_libraries(pkg):
  File "/home/seketal1/virtualenv/wedding_digital/3.10/lib/python3.10/site-packages/django/template/backends/django.py", line 176, in get_package_libraries
    raise InvalidTemplateLibrary(
django.template.library.InvalidTemplateLibrary: Invalid template library specified. ImportError raised when trying to load 'invitation.templatetags.shamsi': No module named 'jdatetime'
ERROR 2026-08-08 11:01:02,259 log 3057530 140275514709824 Internal Server Error: /
Traceback (most recent call last):
  File "/home/seketal1/virtualenv/wedding_digital/3.10/lib/python3.10/site-packages/django/template/utils.py", line 69, in __getitem__
    return self._engines[alias]
KeyError: 'django'

During handling of the above exception, another exception occurred:

Traceback (most recent call last):
  File "/home/seketal1/virtualenv/wedding_digital/3.10/lib/python3.10/site-packages/django/template/backends/django.py", line 174, in get_package_libraries
    module = import_module(entry[1])
  File "/opt/alt/python310/lib64/python3.10/importlib/__init__.py", line 126, in import_module
    return _bootstrap._gcd_import(name[level:], package, level)
  File "<frozen importlib._bootstrap>", line 1050, in _gcd_import
  File "<frozen importlib._bootstrap>", line 1027, in _find_and_load
  File "<frozen importlib._bootstrap>", line 1006, in _find_and_load_unlocked
  File "<frozen importlib._bootstrap>", line 688, in _load_unlocked
  File "<frozen importlib._bootstrap_external>", line 883, in exec_module
  File "<frozen importlib._bootstrap>", line 241, in _call_with_frames_removed
  File "/home/seketal1/wedding_digital/invitation/templatetags/shamsi.py", line 1, in <module>
    import jdatetime
ModuleNotFoundError: No module named 'jdatetime'

The above exception was the direct cause of the following exception:

Traceback (most recent call last):
  File "/home/seketal1/virtualenv/wedding_digital/3.10/lib/python3.10/site-packages/django/core/handlers/exception.py", line 55, in inner
    response = get_response(request)
  File "/home/seketal1/virtualenv/wedding_digital/3.10/lib/python3.10/site-packages/django/core/handlers/base.py", line 197, in _get_response
    response = wrapped_callback(request, *callback_args, **callback_kwargs)
  File "/home/seketal1/wedding_digital/invitation/views.py", line 34, in invitation_view
    return render(request, 'invitation/home.html', {'invitation': invitation})
  File "/home/seketal1/virtualenv/wedding_digital/3.10/lib/python3.10/site-packages/django/shortcuts.py", line 25, in render
    content = loader.render_to_string(template_name, context, request, using=using)
  File "/home/seketal1/virtualenv/wedding_digital/3.10/lib/python3.10/site-packages/django/template/loader.py", line 61, in render_to_string
    template = get_template(template_name, using=using)
  File "/home/seketal1/virtualenv/wedding_digital/3.10/lib/python3.10/site-packages/django/template/loader.py", line 12, in get_template
    engines = _engine_list(using)
  File "/home/seketal1/virtualenv/wedding_digital/3.10/lib/python3.10/site-packages/django/template/loader.py", line 66, in _engine_list
    return engines.all() if using is None else [engines[using]]
  File "/home/seketal1/virtualenv/wedding_digital/3.10/lib/python3.10/site-packages/django/template/utils.py", line 94, in all
    return [self[alias] for alias in self]
  File "/home/seketal1/virtualenv/wedding_digital/3.10/lib/python3.10/site-packages/django/template/utils.py", line 94, in <listcomp>
    return [self[alias] for alias in self]
  File "/home/seketal1/virtualenv/wedding_digital/3.10/lib/python3.10/site-packages/django/template/utils.py", line 85, in __getitem__
    engine = engine_cls(params)
  File "/home/seketal1/virtualenv/wedding_digital/3.10/lib/python3.10/site-packages/django/template/backends/django.py", line 26, in __init__
    options["libraries"] = self.get_templatetag_libraries(libraries)
  File "/home/seketal1/virtualenv/wedding_digital/3.10/lib/python3.10/site-packages/django/template/backends/django.py", line 88, in get_templatetag_libraries
    libraries = get_installed_libraries()
  File "/home/seketal1/virtualenv/wedding_digital/3.10/lib/python3.10/site-packages/django/template/backends/django.py", line 162, in get_installed_libraries
    return {
  File "/home/seketal1/virtualenv/wedding_digital/3.10/lib/python3.10/site-packages/django/template/backends/django.py", line 162, in <dictcomp>
    return {
  File "/home/seketal1/virtualenv/wedding_digital/3.10/lib/python3.10/site-packages/django/template/backends/django.py", line 151, in get_template_tag_modules
    for name in get_package_libraries(pkg):
  File "/home/seketal1/virtualenv/wedding_digital/3.10/lib/python3.10/site-packages/django/template/backends/django.py", line 176, in get_package_libraries
    raise InvalidTemplateLibrary(
django.template.library.InvalidTemplateLibrary: Invalid template library specified. ImportError raised when trying to load 'invitation.templatetags.shamsi': No module named 'jdatetime'
ERROR 2026-08-08 11:01:02,586 log 3057530 140275514709824 Internal Server Error: /
Traceback (most recent call last):
  File "/home/seketal1/virtualenv/wedding_digital/3.10/lib/python3.10/site-packages/django/template/utils.py", line 69, in __getitem__
    return self._engines[alias]
KeyError: 'django'

During handling of the above exception, another exception occurred:

Traceback (most recent call last):
  File "/home/seketal1/virtualenv/wedding_digital/3.10/lib/python3.10/site-packages/django/template/backends/django.py", line 174, in get_package_libraries
    module = import_module(entry[1])
  File "/opt/alt/python310/lib64/python3.10/importlib/__init__.py", line 126, in import_module
    return _bootstrap._gcd_import(name[level:], package, level)
  File "<frozen importlib._bootstrap>", line 1050, in _gcd_import
  File "<frozen importlib._bootstrap>", line 1027, in _find_and_load
  File "<frozen importlib._bootstrap>", line 1006, in _find_and_load_unlocked
  File "<frozen importlib._bootstrap>", line 688, in _load_unlocked
  File "<frozen importlib._bootstrap_external>", line 883, in exec_module
  File "<frozen importlib._bootstrap>", line 241, in _call_with_frames_removed
  File "/home/seketal1/wedding_digital/invitation/templatetags/shamsi.py", line 1, in <module>
    import jdatetime
ModuleNotFoundError: No module named 'jdatetime'

The above exception was the direct cause of the following exception:

Traceback (most recent call last):
  File "/home/seketal1/virtualenv/wedding_digital/3.10/lib/python3.10/site-packages/django/core/handlers/exception.py", line 55, in inner
    response = get_response(request)
  File "/home/seketal1/virtualenv/wedding_digital/3.10/lib/python3.10/site-packages/django/core/handlers/base.py", line 197, in _get_response
    response = wrapped_callback(request, *callback_args, **callback_kwargs)
  File "/home/seketal1/wedding_digital/invitation/views.py", line 34, in invitation_view
    return render(request, 'invitation/home.html', {'invitation': invitation})
  File "/home/seketal1/virtualenv/wedding_digital/3.10/lib/python3.10/site-packages/django/shortcuts.py", line 25, in render
    content = loader.render_to_string(template_name, context, request, using=using)
  File "/home/seketal1/virtualenv/wedding_digital/3.10/lib/python3.10/site-packages/django/template/loader.py", line 61, in render_to_string
    template = get_template(template_name, using=using)
  File "/home/seketal1/virtualenv/wedding_digital/3.10/lib/python3.10/site-packages/django/template/loader.py", line 12, in get_template
    engines = _engine_list(using)
  File "/home/seketal1/virtualenv/wedding_digital/3.10/lib/python3.10/site-packages/django/template/loader.py", line 66, in _engine_list
    return engines.all() if using is None else [engines[using]]
  File "/home/seketal1/virtualenv/wedding_digital/3.10/lib/python3.10/site-packages/django/template/utils.py", line 94, in all
    return [self[alias] for alias in self]
  File "/home/seketal1/virtualenv/wedding_digital/3.10/lib/python3.10/site-packages/django/template/utils.py", line 94, in <listcomp>
    return [self[alias] for alias in self]
  File "/home/seketal1/virtualenv/wedding_digital/3.10/lib/python3.10/site-packages/django/template/utils.py", line 85, in __getitem__
    engine = engine_cls(params)
  File "/home/seketal1/virtualenv/wedding_digital/3.10/lib/python3.10/site-packages/django/template/backends/django.py", line 26, in __init__
    options["libraries"] = self.get_templatetag_libraries(libraries)
  File "/home/seketal1/virtualenv/wedding_digital/3.10/lib/python3.10/site-packages/django/template/backends/django.py", line 88, in get_templatetag_libraries
    libraries = get_installed_libraries()
  File "/home/seketal1/virtualenv/wedding_digital/3.10/lib/python3.10/site-packages/django/template/backends/django.py", line 162, in get_installed_libraries
    return {
  File "/home/seketal1/virtualenv/wedding_digital/3.10/lib/python3.10/site-packages/django/template/backends/django.py", line 162, in <dictcomp>
    return {
  File "/home/seketal1/virtualenv/wedding_digital/3.10/lib/python3.10/site-packages/django/template/backends/django.py", line 151, in get_template_tag_modules
    for name in get_package_libraries(pkg):
  File "/home/seketal1/virtualenv/wedding_digital/3.10/lib/python3.10/site-packages/django/template/backends/django.py", line 176, in get_package_libraries
    raise InvalidTemplateLibrary(
django.template.library.InvalidTemplateLibrary: Invalid template library specified. ImportError raised when trying to load 'invitation.templatetags.shamsi': No module named 'jdatetime'
