ERROR 2026-08-08 11:00:28,548 Internal Server Error: /
Traceback (most recent call last):
  File "/home/seketal1/virtualenv/wedding_digital/3.10/lib/python3.10/site-packages/django/template/utils.py", line 69, in __getitem__
    return self._engines[alias]
KeyError: 'django'

During handling of the above exception, another exception occurred:

Traceback (most recent call last):
  File "/home/seketal1/virtualenv/wedding_digital/3.10/lib/python3.10/site-packages/django/template/backends/django.py", line 174, in get_package_libraries
    module = import_module(entry[1])
  File "/opt/alt/python310/lib64/python3.10/importlib/__init__.py", line 126, in import_module
    return _bootstrap._gcd_import(name[level:], package, level)
  File "<frozen importlib._bootstrap>", line 1050, in _gcd_import
  File "<frozen importlib._bootstrap>", line 1027, in _find_and_load
  File "<frozen importlib._bootstrap>", line 1006, in _find_and_load_unlocked
  File "<frozen importlib._bootstrap>", line 688, in _load_unlocked
  File "<frozen importlib._bootstrap_external>", line 883, in exec_module
  File "<frozen importlib._bootstrap>", line 241, in _call_with_frames_removed
  File "/home/seketal1/wedding_digital/invitation/templatetags/shamsi.py", line 1, in <module>
    import jdatetime
ModuleNotFoundError: No module named 'jdatetime'

The above exception was the direct cause of the following exception:

Traceback (most recent call last):
  File "/home/seketal1/virtualenv/wedding_digital/3.10/lib/python3.10/site-packages/django/core/handlers/exception.py", line 55, in inner
    response = get_response(request)
  File "/home/seketal1/virtualenv/wedding_digital/3.10/lib/python3.10/site-packages/django/core/handlers/base.py", line 197, in _get_response
    response = wrapped_callback(request, *callback_args, **callback_kwargs)
  File "/home/seketal1/wedding_digital/invitation/views.py", line 34, in invitation_view
    return render(request, 'invitation/home.html', {'invitation': invitation})
  File "/home/seketal1/virtualenv/wedding_digital/3.10/lib/python3.10/site-packages/django/shortcuts.py", line 25, in render
    content = loader.render_to_string(template_name, context, request, using=using)
  File "/home/seketal1/virtualenv/wedding_digital/3.10/lib/python3.10/site-packages/django/template/loader.py", line 61, in render_to_string
    template = get_template(template_name, using=using)
  File "/home/seketal1/virtualenv/wedding_digital/3.10/lib/python3.10/site-packages/django/template/loader.py", line 12, in get_template
    engines = _engine_list(using)
  File "/home/seketal1/virtualenv/wedding_digital/3.10/lib/python3.10/site-packages/django/template/loader.py", line 66, in _engine_list
    return engines.all() if using is None else [engines[using]]
  File "/home/seketal1/virtualenv/wedding_digital/3.10/lib/python3.10/site-packages/django/template/utils.py", line 94, in all
    return [self[alias] for alias in self]
  File "/home/seketal1/virtualenv/wedding_digital/3.10/lib/python3.10/site-packages/django/template/utils.py", line 94, in <listcomp>
    return [self[alias] for alias in self]
  File "/home/seketal1/virtualenv/wedding_digital/3.10/lib/python3.10/site-packages/django/template/utils.py", line 85, in __getitem__
    engine = engine_cls(params)
  File "/home/seketal1/virtualenv/wedding_digital/3.10/lib/python3.10/site-packages/django/template/backends/django.py", line 26, in __init__
    options["libraries"] = self.get_templatetag_libraries(libraries)
  File "/home/seketal1/virtualenv/wedding_digital/3.10/lib/python3.10/site-packages/django/template/backends/django.py", line 88, in get_templatetag_libraries
    libraries = get_installed_libraries()
  File "/home/seketal1/virtualenv/wedding_digital/3.10/lib/python3.10/site-packages/django/template/backends/django.py", line 162, in get_installed_libraries
    return {
  File "/home/seketal1/virtualenv/wedding_digital/3.10/lib/python3.10/site-packages/django/template/backends/django.py", line 162, in <dictcomp>
    return {
  File "/home/seketal1/virtualenv/wedding_digital/3.10/lib/python3.10/site-packages/django/template/backends/django.py", line 151, in get_template_tag_modules
    for name in get_package_libraries(pkg):
  File "/home/seketal1/virtualenv/wedding_digital/3.10/lib/python3.10/site-packages/django/template/backends/django.py", line 176, in get_package_libraries
    raise InvalidTemplateLibrary(
django.template.library.InvalidTemplateLibrary: Invalid template library specified. ImportError raised when trying to load 'invitation.templatetags.shamsi': No module named 'jdatetime'
ERROR 2026-08-08 11:01:00,188 Internal Server Error: /
Traceback (most recent call last):
  File "/home/seketal1/virtualenv/wedding_digital/3.10/lib/python3.10/site-packages/django/template/utils.py", line 69, in __getitem__
    return self._engines[alias]
KeyError: 'django'

During handling of the above exception, another exception occurred:

Traceback (most recent call last):
  File "/home/seketal1/virtualenv/wedding_digital/3.10/lib/python3.10/site-packages/django/template/backends/django.py", line 174, in get_package_libraries
    module = import_module(entry[1])
  File "/opt/alt/python310/lib64/python3.10/importlib/__init__.py", line 126, in import_module
    return _bootstrap._gcd_import(name[level:], package, level)
  File "<frozen importlib._bootstrap>", line 1050, in _gcd_import
  File "<frozen importlib._bootstrap>", line 1027, in _find_and_load
  File "<frozen importlib._bootstrap>", line 1006, in _find_and_load_unlocked
  File "<frozen importlib._bootstrap>", line 688, in _load_unlocked
  File "<frozen importlib._bootstrap_external>", line 883, in exec_module
  File "<frozen importlib._bootstrap>", line 241, in _call_with_frames_removed
  File "/home/seketal1/wedding_digital/invitation/templatetags/shamsi.py", line 1, in <module>
    import jdatetime
ModuleNotFoundError: No module named 'jdatetime'

The above exception was the direct cause of the following exception:

Traceback (most recent call last):
  File "/home/seketal1/virtualenv/wedding_digital/3.10/lib/python3.10/site-packages/django/core/handlers/exception.py", line 55, in inner
    response = get_response(request)
  File "/home/seketal1/virtualenv/wedding_digital/3.10/lib/python3.10/site-packages/django/core/handlers/base.py", line 197, in _get_response
    response = wrapped_callback(request, *callback_args, **callback_kwargs)
  File "/home/seketal1/wedding_digital/invitation/views.py", line 34, in invitation_view
    return render(request, 'invitation/home.html', {'invitation': invitation})
  File "/home/seketal1/virtualenv/wedding_digital/3.10/lib/python3.10/site-packages/django/shortcuts.py", line 25, in render
    content = loader.render_to_string(template_name, context, request, using=using)
  File "/home/seketal1/virtualenv/wedding_digital/3.10/lib/python3.10/site-packages/django/template/loader.py", line 61, in render_to_string
    template = get_template(template_name, using=using)
  File "/home/seketal1/virtualenv/wedding_digital/3.10/lib/python3.10/site-packages/django/template/loader.py", line 12, in get_template
    engines = _engine_list(using)
  File "/home/seketal1/virtualenv/wedding_digital/3.10/lib/python3.10/site-packages/django/template/loader.py", line 66, in _engine_list
    return engines.all() if using is None else [engines[using]]
  File "/home/seketal1/virtualenv/wedding_digital/3.10/lib/python3.10/site-packages/django/template/utils.py", line 94, in all
    return [self[alias] for alias in self]
  File "/home/seketal1/virtualenv/wedding_digital/3.10/lib/python3.10/site-packages/django/template/utils.py", line 94, in <listcomp>
    return [self[alias] for alias in self]
  File "/home/seketal1/virtualenv/wedding_digital/3.10/lib/python3.10/site-packages/django/template/utils.py", line 85, in __getitem__
    engine = engine_cls(params)
  File "/home/seketal1/virtualenv/wedding_digital/3.10/lib/python3.10/site-packages/django/template/backends/django.py", line 26, in __init__
    options["libraries"] = self.get_templatetag_libraries(libraries)
  File "/home/seketal1/virtualenv/wedding_digital/3.10/lib/python3.10/site-packages/django/template/backends/django.py", line 88, in get_templatetag_libraries
    libraries = get_installed_libraries()
  File "/home/seketal1/virtualenv/wedding_digital/3.10/lib/python3.10/site-packages/django/template/backends/django.py", line 162, in get_installed_libraries
    return {
  File "/home/seketal1/virtualenv/wedding_digital/3.10/lib/python3.10/site-packages/django/template/backends/django.py", line 162, in <dictcomp>
    return {
  File "/home/seketal1/virtualenv/wedding_digital/3.10/lib/python3.10/site-packages/django/template/backends/django.py", line 151, in get_template_tag_modules
    for name in get_package_libraries(pkg):
  File "/home/seketal1/virtualenv/wedding_digital/3.10/lib/python3.10/site-packages/django/template/backends/django.py", line 176, in get_package_libraries
    raise InvalidTemplateLibrary(
django.template.library.InvalidTemplateLibrary: Invalid template library specified. ImportError raised when trying to load 'invitation.templatetags.shamsi': No module named 'jdatetime'
ERROR 2026-08-08 11:01:00,778 Internal Server Error: /
Traceback (most recent call last):
  File "/home/seketal1/virtualenv/wedding_digital/3.10/lib/python3.10/site-packages/django/template/utils.py", line 69, in __getitem__
    return self._engines[alias]
KeyError: 'django'

During handling of the above exception, another exception occurred:

Traceback (most recent call last):
  File "/home/seketal1/virtualenv/wedding_digital/3.10/lib/python3.10/site-packages/django/template/backends/django.py", line 174, in get_package_libraries
    module = import_module(entry[1])
  File "/opt/alt/python310/lib64/python3.10/importlib/__init__.py", line 126, in import_module
    return _bootstrap._gcd_import(name[level:], package, level)
  File "<frozen importlib._bootstrap>", line 1050, in _gcd_import
  File "<frozen importlib._bootstrap>", line 1027, in _find_and_load
  File "<frozen importlib._bootstrap>", line 1006, in _find_and_load_unlocked
  File "<frozen importlib._bootstrap>", line 688, in _load_unlocked
  File "<frozen importlib._bootstrap_external>", line 883, in exec_module
  File "<frozen importlib._bootstrap>", line 241, in _call_with_frames_removed
  File "/home/seketal1/wedding_digital/invitation/templatetags/shamsi.py", line 1, in <module>
    import jdatetime
ModuleNotFoundError: No module named 'jdatetime'

The above exception was the direct cause of the following exception:

Traceback (most recent call last):
  File "/home/seketal1/virtualenv/wedding_digital/3.10/lib/python3.10/site-packages/django/core/handlers/exception.py", line 55, in inner
    response = get_response(request)
  File "/home/seketal1/virtualenv/wedding_digital/3.10/lib/python3.10/site-packages/django/core/handlers/base.py", line 197, in _get_response
    response = wrapped_callback(request, *callback_args, **callback_kwargs)
  File "/home/seketal1/wedding_digital/invitation/views.py", line 34, in invitation_view
    return render(request, 'invitation/home.html', {'invitation': invitation})
  File "/home/seketal1/virtualenv/wedding_digital/3.10/lib/python3.10/site-packages/django/shortcuts.py", line 25, in render
    content = loader.render_to_string(template_name, context, request, using=using)
  File "/home/seketal1/virtualenv/wedding_digital/3.10/lib/python3.10/site-packages/django/template/loader.py", line 61, in render_to_string
    template = get_template(template_name, using=using)
  File "/home/seketal1/virtualenv/wedding_digital/3.10/lib/python3.10/site-packages/django/template/loader.py", line 12, in get_template
    engines = _engine_list(using)
  File "/home/seketal1/virtualenv/wedding_digital/3.10/lib/python3.10/site-packages/django/template/loader.py", line 66, in _engine_list
    return engines.all() if using is None else [engines[using]]
  File "/home/seketal1/virtualenv/wedding_digital/3.10/lib/python3.10/site-packages/django/template/utils.py", line 94, in all
    return [self[alias] for alias in self]
  File "/home/seketal1/virtualenv/wedding_digital/3.10/lib/python3.10/site-packages/django/template/utils.py", line 94, in <listcomp>
    return [self[alias] for alias in self]
  File "/home/seketal1/virtualenv/wedding_digital/3.10/lib/python3.10/site-packages/django/template/utils.py", line 85, in __getitem__
    engine = engine_cls(params)
  File "/home/seketal1/virtualenv/wedding_digital/3.10/lib/python3.10/site-packages/django/template/backends/django.py", line 26, in __init__
    options["libraries"] = self.get_templatetag_libraries(libraries)
  File "/home/seketal1/virtualenv/wedding_digital/3.10/lib/python3.10/site-packages/django/template/backends/django.py", line 88, in get_templatetag_libraries
    libraries = get_installed_libraries()
  File "/home/seketal1/virtualenv/wedding_digital/3.10/lib/python3.10/site-packages/django/template/backends/django.py", line 162, in get_installed_libraries
    return {
  File "/home/seketal1/virtualenv/wedding_digital/3.10/lib/python3.10/site-packages/django/template/backends/django.py", line 162, in <dictcomp>
    return {
  File "/home/seketal1/virtualenv/wedding_digital/3.10/lib/python3.10/site-packages/django/template/backends/django.py", line 151, in get_template_tag_modules
    for name in get_package_libraries(pkg):
  File "/home/seketal1/virtualenv/wedding_digital/3.10/lib/python3.10/site-packages/django/template/backends/django.py", line 176, in get_package_libraries
    raise InvalidTemplateLibrary(
django.template.library.InvalidTemplateLibrary: Invalid template library specified. ImportError raised when trying to load 'invitation.templatetags.shamsi': No module named 'jdatetime'
ERROR 2026-08-08 11:01:01,423 Internal Server Error: /
Traceback (most recent call last):
  File "/home/seketal1/virtualenv/wedding_digital/3.10/lib/python3.10/site-packages/django/template/utils.py", line 69, in __getitem__
    return self._engines[alias]
KeyError: 'django'

During handling of the above exception, another exception occurred:

Traceback (most recent call last):
  File "/home/seketal1/virtualenv/wedding_digital/3.10/lib/python3.10/site-packages/django/template/backends/django.py", line 174, in get_package_libraries
    module = import_module(entry[1])
  File "/opt/alt/python310/lib64/python3.10/importlib/__init__.py", line 126, in import_module
    return _bootstrap._gcd_import(name[level:], package, level)
  File "<frozen importlib._bootstrap>", line 1050, in _gcd_import
  File "<frozen importlib._bootstrap>", line 1027, in _find_and_load
  File "<frozen importlib._bootstrap>", line 1006, in _find_and_load_unlocked
  File "<frozen importlib._bootstrap>", line 688, in _load_unlocked
  File "<frozen importlib._bootstrap_external>", line 883, in exec_module
  File "<frozen importlib._bootstrap>", line 241, in _call_with_frames_removed
  File "/home/seketal1/wedding_digital/invitation/templatetags/shamsi.py", line 1, in <module>
    import jdatetime
ModuleNotFoundError: No module named 'jdatetime'

The above exception was the direct cause of the following exception:

Traceback (most recent call last):
  File "/home/seketal1/virtualenv/wedding_digital/3.10/lib/python3.10/site-packages/django/core/handlers/exception.py", line 55, in inner
    response = get_response(request)
  File "/home/seketal1/virtualenv/wedding_digital/3.10/lib/python3.10/site-packages/django/core/handlers/base.py", line 197, in _get_response
    response = wrapped_callback(request, *callback_args, **callback_kwargs)
  File "/home/seketal1/wedding_digital/invitation/views.py", line 34, in invitation_view
    return render(request, 'invitation/home.html', {'invitation': invitation})
  File "/home/seketal1/virtualenv/wedding_digital/3.10/lib/python3.10/site-packages/django/shortcuts.py", line 25, in render
    content = loader.render_to_string(template_name, context, request, using=using)
  File "/home/seketal1/virtualenv/wedding_digital/3.10/lib/python3.10/site-packages/django/template/loader.py", line 61, in render_to_string
    template = get_template(template_name, using=using)
  File "/home/seketal1/virtualenv/wedding_digital/3.10/lib/python3.10/site-packages/django/template/loader.py", line 12, in get_template
    engines = _engine_list(using)
  File "/home/seketal1/virtualenv/wedding_digital/3.10/lib/python3.10/site-packages/django/template/loader.py", line 66, in _engine_list
    return engines.all() if using is None else [engines[using]]
  File "/home/seketal1/virtualenv/wedding_digital/3.10/lib/python3.10/site-packages/django/template/utils.py", line 94, in all
    return [self[alias] for alias in self]
  File "/home/seketal1/virtualenv/wedding_digital/3.10/lib/python3.10/site-packages/django/template/utils.py", line 94, in <listcomp>
    return [self[alias] for alias in self]
  File "/home/seketal1/virtualenv/wedding_digital/3.10/lib/python3.10/site-packages/django/template/utils.py", line 85, in __getitem__
    engine = engine_cls(params)
  File "/home/seketal1/virtualenv/wedding_digital/3.10/lib/python3.10/site-packages/django/template/backends/django.py", line 26, in __init__
    options["libraries"] = self.get_templatetag_libraries(libraries)
  File "/home/seketal1/virtualenv/wedding_digital/3.10/lib/python3.10/site-packages/django/template/backends/django.py", line 88, in get_templatetag_libraries
    libraries = get_installed_libraries()
  File "/home/seketal1/virtualenv/wedding_digital/3.10/lib/python3.10/site-packages/django/template/backends/django.py", line 162, in get_installed_libraries
    return {
  File "/home/seketal1/virtualenv/wedding_digital/3.10/lib/python3.10/site-packages/django/template/backends/django.py", line 162, in <dictcomp>
    return {
  File "/home/seketal1/virtualenv/wedding_digital/3.10/lib/python3.10/site-packages/django/template/backends/django.py", line 151, in get_template_tag_modules
    for name in get_package_libraries(pkg):
  File "/home/seketal1/virtualenv/wedding_digital/3.10/lib/python3.10/site-packages/django/template/backends/django.py", line 176, in get_package_libraries
    raise InvalidTemplateLibrary(
django.template.library.InvalidTemplateLibrary: Invalid template library specified. ImportError raised when trying to load 'invitation.templatetags.shamsi': No module named 'jdatetime'
ERROR 2026-08-08 11:01:01,713 Internal Server Error: /
Traceback (most recent call last):
  File "/home/seketal1/virtualenv/wedding_digital/3.10/lib/python3.10/site-packages/django/template/utils.py", line 69, in __getitem__
    return self._engines[alias]
KeyError: 'django'

During handling of the above exception, another exception occurred:

Traceback (most recent call last):
  File "/home/seketal1/virtualenv/wedding_digital/3.10/lib/python3.10/site-packages/django/template/backends/django.py", line 174, in get_package_libraries
    module = import_module(entry[1])
  File "/opt/alt/python310/lib64/python3.10/importlib/__init__.py", line 126, in import_module
    return _bootstrap._gcd_import(name[level:], package, level)
  File "<frozen importlib._bootstrap>", line 1050, in _gcd_import
  File "<frozen importlib._bootstrap>", line 1027, in _find_and_load
  File "<frozen importlib._bootstrap>", line 1006, in _find_and_load_unlocked
  File "<frozen importlib._bootstrap>", line 688, in _load_unlocked
  File "<frozen importlib._bootstrap_external>", line 883, in exec_module
  File "<frozen importlib._bootstrap>", line 241, in _call_with_frames_removed
  File "/home/seketal1/wedding_digital/invitation/templatetags/shamsi.py", line 1, in <module>
    import jdatetime
ModuleNotFoundError: No module named 'jdatetime'

The above exception was the direct cause of the following exception:

Traceback (most recent call last):
  File "/home/seketal1/virtualenv/wedding_digital/3.10/lib/python3.10/site-packages/django/core/handlers/exception.py", line 55, in inner
    response = get_response(request)
  File "/home/seketal1/virtualenv/wedding_digital/3.10/lib/python3.10/site-packages/django/core/handlers/base.py", line 197, in _get_response
    response = wrapped_callback(request, *callback_args, **callback_kwargs)
  File "/home/seketal1/wedding_digital/invitation/views.py", line 34, in invitation_view
    return render(request, 'invitation/home.html', {'invitation': invitation})
  File "/home/seketal1/virtualenv/wedding_digital/3.10/lib/python3.10/site-packages/django/shortcuts.py", line 25, in render
    content = loader.render_to_string(template_name, context, request, using=using)
  File "/home/seketal1/virtualenv/wedding_digital/3.10/lib/python3.10/site-packages/django/template/loader.py", line 61, in render_to_string
    template = get_template(template_name, using=using)
  File "/home/seketal1/virtualenv/wedding_digital/3.10/lib/python3.10/site-packages/django/template/loader.py", line 12, in get_template
    engines = _engine_list(using)
  File "/home/seketal1/virtualenv/wedding_digital/3.10/lib/python3.10/site-packages/django/template/loader.py", line 66, in _engine_list
    return engines.all() if using is None else [engines[using]]
  File "/home/seketal1/virtualenv/wedding_digital/3.10/lib/python3.10/site-packages/django/template/utils.py", line 94, in all
    return [self[alias] for alias in self]
  File "/home/seketal1/virtualenv/wedding_digital/3.10/lib/python3.10/site-packages/django/template/utils.py", line 94, in <listcomp>
    return [self[alias] for alias in self]
  File "/home/seketal1/virtualenv/wedding_digital/3.10/lib/python3.10/site-packages/django/template/utils.py", line 85, in __getitem__
    engine = engine_cls(params)
  File "/home/seketal1/virtualenv/wedding_digital/3.10/lib/python3.10/site-packages/django/template/backends/django.py", line 26, in __init__
    options["libraries"] = self.get_templatetag_libraries(libraries)
  File "/home/seketal1/virtualenv/wedding_digital/3.10/lib/python3.10/site-packages/django/template/backends/django.py", line 88, in get_templatetag_libraries
    libraries = get_installed_libraries()
  File "/home/seketal1/virtualenv/wedding_digital/3.10/lib/python3.10/site-packages/django/template/backends/django.py", line 162, in get_installed_libraries
    return {
  File "/home/seketal1/virtualenv/wedding_digital/3.10/lib/python3.10/site-packages/django/template/backends/django.py", line 162, in <dictcomp>
    return {
  File "/home/seketal1/virtualenv/wedding_digital/3.10/lib/python3.10/site-packages/django/template/backends/django.py", line 151, in get_template_tag_modules
    for name in get_package_libraries(pkg):
  File "/home/seketal1/virtualenv/wedding_digital/3.10/lib/python3.10/site-packages/django/template/backends/django.py", line 176, in get_package_libraries
    raise InvalidTemplateLibrary(
django.template.library.InvalidTemplateLibrary: Invalid template library specified. ImportError raised when trying to load 'invitation.templatetags.shamsi': No module named 'jdatetime'
ERROR 2026-08-08 11:01:01,999 Internal Server Error: /
Traceback (most recent call last):
  File "/home/seketal1/virtualenv/wedding_digital/3.10/lib/python3.10/site-packages/django/template/utils.py", line 69, in __getitem__
    return self._engines[alias]
KeyError: 'django'

During handling of the above exception, another exception occurred:

Traceback (most recent call last):
  File "/home/seketal1/virtualenv/wedding_digital/3.10/lib/python3.10/site-packages/django/template/backends/django.py", line 174, in get_package_libraries
    module = import_module(entry[1])
  File "/opt/alt/python310/lib64/python3.10/importlib/__init__.py", line 126, in import_module
    return _bootstrap._gcd_import(name[level:], package, level)
  File "<frozen importlib._bootstrap>", line 1050, in _gcd_import
  File "<frozen importlib._bootstrap>", line 1027, in _find_and_load
  File "<frozen importlib._bootstrap>", line 1006, in _find_and_load_unlocked
  File "<frozen importlib._bootstrap>", line 688, in _load_unlocked
  File "<frozen importlib._bootstrap_external>", line 883, in exec_module
  File "<frozen importlib._bootstrap>", line 241, in _call_with_frames_removed
  File "/home/seketal1/wedding_digital/invitation/templatetags/shamsi.py", line 1, in <module>
    import jdatetime
ModuleNotFoundError: No module named 'jdatetime'

The above exception was the direct cause of the following exception:

Traceback (most recent call last):
  File "/home/seketal1/virtualenv/wedding_digital/3.10/lib/python3.10/site-packages/django/core/handlers/exception.py", line 55, in inner
    response = get_response(request)
  File "/home/seketal1/virtualenv/wedding_digital/3.10/lib/python3.10/site-packages/django/core/handlers/base.py", line 197, in _get_response
    response = wrapped_callback(request, *callback_args, **callback_kwargs)
  File "/home/seketal1/wedding_digital/invitation/views.py", line 34, in invitation_view
    return render(request, 'invitation/home.html', {'invitation': invitation})
  File "/home/seketal1/virtualenv/wedding_digital/3.10/lib/python3.10/site-packages/django/shortcuts.py", line 25, in render
    content = loader.render_to_string(template_name, context, request, using=using)
  File "/home/seketal1/virtualenv/wedding_digital/3.10/lib/python3.10/site-packages/django/template/loader.py", line 61, in render_to_string
    template = get_template(template_name, using=using)
  File "/home/seketal1/virtualenv/wedding_digital/3.10/lib/python3.10/site-packages/django/template/loader.py", line 12, in get_template
    engines = _engine_list(using)
  File "/home/seketal1/virtualenv/wedding_digital/3.10/lib/python3.10/site-packages/django/template/loader.py", line 66, in _engine_list
    return engines.all() if using is None else [engines[using]]
  File "/home/seketal1/virtualenv/wedding_digital/3.10/lib/python3.10/site-packages/django/template/utils.py", line 94, in all
    return [self[alias] for alias in self]
  File "/home/seketal1/virtualenv/wedding_digital/3.10/lib/python3.10/site-packages/django/template/utils.py", line 94, in <listcomp>
    return [self[alias] for alias in self]
  File "/home/seketal1/virtualenv/wedding_digital/3.10/lib/python3.10/site-packages/django/template/utils.py", line 85, in __getitem__
    engine = engine_cls(params)
  File "/home/seketal1/virtualenv/wedding_digital/3.10/lib/python3.10/site-packages/django/template/backends/django.py", line 26, in __init__
    options["libraries"] = self.get_templatetag_libraries(libraries)
  File "/home/seketal1/virtualenv/wedding_digital/3.10/lib/python3.10/site-packages/django/template/backends/django.py", line 88, in get_templatetag_libraries
    libraries = get_installed_libraries()
  File "/home/seketal1/virtualenv/wedding_digital/3.10/lib/python3.10/site-packages/django/template/backends/django.py", line 162, in get_installed_libraries
    return {
  File "/home/seketal1/virtualenv/wedding_digital/3.10/lib/python3.10/site-packages/django/template/backends/django.py", line 162, in <dictcomp>
    return {
  File "/home/seketal1/virtualenv/wedding_digital/3.10/lib/python3.10/site-packages/django/template/backends/django.py", line 151, in get_template_tag_modules
    for name in get_package_libraries(pkg):
  File "/home/seketal1/virtualenv/wedding_digital/3.10/lib/python3.10/site-packages/django/template/backends/django.py", line 176, in get_package_libraries
    raise InvalidTemplateLibrary(
django.template.library.InvalidTemplateLibrary: Invalid template library specified. ImportError raised when trying to load 'invitation.templatetags.shamsi': No module named 'jdatetime'
ERROR 2026-08-08 11:01:02,259 Internal Server Error: /
Traceback (most recent call last):
  File "/home/seketal1/virtualenv/wedding_digital/3.10/lib/python3.10/site-packages/django/template/utils.py", line 69, in __getitem__
    return self._engines[alias]
KeyError: 'django'

During handling of the above exception, another exception occurred:

Traceback (most recent call last):
  File "/home/seketal1/virtualenv/wedding_digital/3.10/lib/python3.10/site-packages/django/template/backends/django.py", line 174, in get_package_libraries
    module = import_module(entry[1])
  File "/opt/alt/python310/lib64/python3.10/importlib/__init__.py", line 126, in import_module
    return _bootstrap._gcd_import(name[level:], package, level)
  File "<frozen importlib._bootstrap>", line 1050, in _gcd_import
  File "<frozen importlib._bootstrap>", line 1027, in _find_and_load
  File "<frozen importlib._bootstrap>", line 1006, in _find_and_load_unlocked
  File "<frozen importlib._bootstrap>", line 688, in _load_unlocked
  File "<frozen importlib._bootstrap_external>", line 883, in exec_module
  File "<frozen importlib._bootstrap>", line 241, in _call_with_frames_removed
  File "/home/seketal1/wedding_digital/invitation/templatetags/shamsi.py", line 1, in <module>
    import jdatetime
ModuleNotFoundError: No module named 'jdatetime'

The above exception was the direct cause of the following exception:

Traceback (most recent call last):
  File "/home/seketal1/virtualenv/wedding_digital/3.10/lib/python3.10/site-packages/django/core/handlers/exception.py", line 55, in inner
    response = get_response(request)
  File "/home/seketal1/virtualenv/wedding_digital/3.10/lib/python3.10/site-packages/django/core/handlers/base.py", line 197, in _get_response
    response = wrapped_callback(request, *callback_args, **callback_kwargs)
  File "/home/seketal1/wedding_digital/invitation/views.py", line 34, in invitation_view
    return render(request, 'invitation/home.html', {'invitation': invitation})
  File "/home/seketal1/virtualenv/wedding_digital/3.10/lib/python3.10/site-packages/django/shortcuts.py", line 25, in render
    content = loader.render_to_string(template_name, context, request, using=using)
  File "/home/seketal1/virtualenv/wedding_digital/3.10/lib/python3.10/site-packages/django/template/loader.py", line 61, in render_to_string
    template = get_template(template_name, using=using)
  File "/home/seketal1/virtualenv/wedding_digital/3.10/lib/python3.10/site-packages/django/template/loader.py", line 12, in get_template
    engines = _engine_list(using)
  File "/home/seketal1/virtualenv/wedding_digital/3.10/lib/python3.10/site-packages/django/template/loader.py", line 66, in _engine_list
    return engines.all() if using is None else [engines[using]]
  File "/home/seketal1/virtualenv/wedding_digital/3.10/lib/python3.10/site-packages/django/template/utils.py", line 94, in all
    return [self[alias] for alias in self]
  File "/home/seketal1/virtualenv/wedding_digital/3.10/lib/python3.10/site-packages/django/template/utils.py", line 94, in <listcomp>
    return [self[alias] for alias in self]
  File "/home/seketal1/virtualenv/wedding_digital/3.10/lib/python3.10/site-packages/django/template/utils.py", line 85, in __getitem__
    engine = engine_cls(params)
  File "/home/seketal1/virtualenv/wedding_digital/3.10/lib/python3.10/site-packages/django/template/backends/django.py", line 26, in __init__
    options["libraries"] = self.get_templatetag_libraries(libraries)
  File "/home/seketal1/virtualenv/wedding_digital/3.10/lib/python3.10/site-packages/django/template/backends/django.py", line 88, in get_templatetag_libraries
    libraries = get_installed_libraries()
  File "/home/seketal1/virtualenv/wedding_digital/3.10/lib/python3.10/site-packages/django/template/backends/django.py", line 162, in get_installed_libraries
    return {
  File "/home/seketal1/virtualenv/wedding_digital/3.10/lib/python3.10/site-packages/django/template/backends/django.py", line 162, in <dictcomp>
    return {
  File "/home/seketal1/virtualenv/wedding_digital/3.10/lib/python3.10/site-packages/django/template/backends/django.py", line 151, in get_template_tag_modules
    for name in get_package_libraries(pkg):
  File "/home/seketal1/virtualenv/wedding_digital/3.10/lib/python3.10/site-packages/django/template/backends/django.py", line 176, in get_package_libraries
    raise InvalidTemplateLibrary(
django.template.library.InvalidTemplateLibrary: Invalid template library specified. ImportError raised when trying to load 'invitation.templatetags.shamsi': No module named 'jdatetime'
ERROR 2026-08-08 11:01:02,586 Internal Server Error: /
Traceback (most recent call last):
  File "/home/seketal1/virtualenv/wedding_digital/3.10/lib/python3.10/site-packages/django/template/utils.py", line 69, in __getitem__
    return self._engines[alias]
KeyError: 'django'

During handling of the above exception, another exception occurred:

Traceback (most recent call last):
  File "/home/seketal1/virtualenv/wedding_digital/3.10/lib/python3.10/site-packages/django/template/backends/django.py", line 174, in get_package_libraries
    module = import_module(entry[1])
  File "/opt/alt/python310/lib64/python3.10/importlib/__init__.py", line 126, in import_module
    return _bootstrap._gcd_import(name[level:], package, level)
  File "<frozen importlib._bootstrap>", line 1050, in _gcd_import
  File "<frozen importlib._bootstrap>", line 1027, in _find_and_load
  File "<frozen importlib._bootstrap>", line 1006, in _find_and_load_unlocked
  File "<frozen importlib._bootstrap>", line 688, in _load_unlocked
  File "<frozen importlib._bootstrap_external>", line 883, in exec_module
  File "<frozen importlib._bootstrap>", line 241, in _call_with_frames_removed
  File "/home/seketal1/wedding_digital/invitation/templatetags/shamsi.py", line 1, in <module>
    import jdatetime
ModuleNotFoundError: No module named 'jdatetime'

The above exception was the direct cause of the following exception:

Traceback (most recent call last):
  File "/home/seketal1/virtualenv/wedding_digital/3.10/lib/python3.10/site-packages/django/core/handlers/exception.py", line 55, in inner
    response = get_response(request)
  File "/home/seketal1/virtualenv/wedding_digital/3.10/lib/python3.10/site-packages/django/core/handlers/base.py", line 197, in _get_response
    response = wrapped_callback(request, *callback_args, **callback_kwargs)
  File "/home/seketal1/wedding_digital/invitation/views.py", line 34, in invitation_view
    return render(request, 'invitation/home.html', {'invitation': invitation})
  File "/home/seketal1/virtualenv/wedding_digital/3.10/lib/python3.10/site-packages/django/shortcuts.py", line 25, in render
    content = loader.render_to_string(template_name, context, request, using=using)
  File "/home/seketal1/virtualenv/wedding_digital/3.10/lib/python3.10/site-packages/django/template/loader.py", line 61, in render_to_string
    template = get_template(template_name, using=using)
  File "/home/seketal1/virtualenv/wedding_digital/3.10/lib/python3.10/site-packages/django/template/loader.py", line 12, in get_template
    engines = _engine_list(using)
  File "/home/seketal1/virtualenv/wedding_digital/3.10/lib/python3.10/site-packages/django/template/loader.py", line 66, in _engine_list
    return engines.all() if using is None else [engines[using]]
  File "/home/seketal1/virtualenv/wedding_digital/3.10/lib/python3.10/site-packages/django/template/utils.py", line 94, in all
    return [self[alias] for alias in self]
  File "/home/seketal1/virtualenv/wedding_digital/3.10/lib/python3.10/site-packages/django/template/utils.py", line 94, in <listcomp>
    return [self[alias] for alias in self]
  File "/home/seketal1/virtualenv/wedding_digital/3.10/lib/python3.10/site-packages/django/template/utils.py", line 85, in __getitem__
    engine = engine_cls(params)
  File "/home/seketal1/virtualenv/wedding_digital/3.10/lib/python3.10/site-packages/django/template/backends/django.py", line 26, in __init__
    options["libraries"] = self.get_templatetag_libraries(libraries)
  File "/home/seketal1/virtualenv/wedding_digital/3.10/lib/python3.10/site-packages/django/template/backends/django.py", line 88, in get_templatetag_libraries
    libraries = get_installed_libraries()
  File "/home/seketal1/virtualenv/wedding_digital/3.10/lib/python3.10/site-packages/django/template/backends/django.py", line 162, in get_installed_libraries
    return {
  File "/home/seketal1/virtualenv/wedding_digital/3.10/lib/python3.10/site-packages/django/template/backends/django.py", line 162, in <dictcomp>
    return {
  File "/home/seketal1/virtualenv/wedding_digital/3.10/lib/python3.10/site-packages/django/template/backends/django.py", line 151, in get_template_tag_modules
    for name in get_package_libraries(pkg):
  File "/home/seketal1/virtualenv/wedding_digital/3.10/lib/python3.10/site-packages/django/template/backends/django.py", line 176, in get_package_libraries
    raise InvalidTemplateLibrary(
django.template.library.InvalidTemplateLibrary: Invalid template library specified. ImportError raised when trying to load 'invitation.templatetags.shamsi': No module named 'jdatetime'
ERROR 2026-08-09 10:13:14,985 Internal Server Error: /
Traceback (most recent call last):
  File "c:\Users\Dorsa-Co\Desktop\temp\newsolarpanelinspection\myenv\Lib\site-packages\django\core\handlers\exception.py", line 55, in inner
    response = get_response(request)
               ^^^^^^^^^^^^^^^^^^^^^
  File "c:\Users\Dorsa-Co\Desktop\temp\newsolarpanelinspection\myenv\Lib\site-packages\django\core\handlers\base.py", line 198, in _get_response
    response = wrapped_callback(request, *callback_args, **callback_kwargs)
               ^^^^^^^^^^^^^^^^^^^^^^^^^^^^^^^^^^^^^^^^^^^^^^^^^^^^^^^^^^^^
  File "C:\Users\Dorsa-Co\Desktop\wedding_digital\invitation\views.py", line 34, in invitation_view
    return render(request, 'invitation/home.html', {'invitation': invitation})
           ^^^^^^^^^^^^^^^^^^^^^^^^^^^^^^^^^^^^^^^^^^^^^^^^^^^^^^^^^^^^^^^^^^^
  File "c:\Users\Dorsa-Co\Desktop\temp\newsolarpanelinspection\myenv\Lib\site-packages\django\shortcuts.py", line 25, in render
    content = loader.render_to_string(template_name, context, request, using=using)
              ^^^^^^^^^^^^^^^^^^^^^^^^^^^^^^^^^^^^^^^^^^^^^^^^^^^^^^^^^^^^^^^^^^^^^
  File "c:\Users\Dorsa-Co\Desktop\temp\newsolarpanelinspection\myenv\Lib\site-packages\django\template\loader.py", line 61, in render_to_string
    template = get_template(template_name, using=using)
               ^^^^^^^^^^^^^^^^^^^^^^^^^^^^^^^^^^^^^^^^
  File "c:\Users\Dorsa-Co\Desktop\temp\newsolarpanelinspection\myenv\Lib\site-packages\django\template\loader.py", line 15, in get_template
    return engine.get_template(template_name)
           ^^^^^^^^^^^^^^^^^^^^^^^^^^^^^^^^^^
  File "c:\Users\Dorsa-Co\Desktop\temp\newsolarpanelinspection\myenv\Lib\site-packages\django\template\backends\django.py", line 79, in get_template
    return Template(self.engine.get_template(template_name), self)
                    ^^^^^^^^^^^^^^^^^^^^^^^^^^^^^^^^^^^^^^^
  File "c:\Users\Dorsa-Co\Desktop\temp\newsolarpanelinspection\myenv\Lib\site-packages\django\template\engine.py", line 186, in get_template
    template, origin = self.find_template(template_name)
                       ^^^^^^^^^^^^^^^^^^^^^^^^^^^^^^^^^
  File "c:\Users\Dorsa-Co\Desktop\temp\newsolarpanelinspection\myenv\Lib\site-packages\django\template\engine.py", line 159, in find_template
    template = loader.get_template(name, skip=skip)
               ^^^^^^^^^^^^^^^^^^^^^^^^^^^^^^^^^^^^
  File "c:\Users\Dorsa-Co\Desktop\temp\newsolarpanelinspection\myenv\Lib\site-packages\django\template\loaders\cached.py", line 57, in get_template
    template = super().get_template(template_name, skip)
               ^^^^^^^^^^^^^^^^^^^^^^^^^^^^^^^^^^^^^^^^^
  File "c:\Users\Dorsa-Co\Desktop\temp\newsolarpanelinspection\myenv\Lib\site-packages\django\template\loaders\base.py", line 28, in get_template
    return Template(
           ^^^^^^^^^
  File "c:\Users\Dorsa-Co\Desktop\temp\newsolarpanelinspection\myenv\Lib\site-packages\django\template\base.py", line 157, in __init__
    self.nodelist = self.compile_nodelist()
                    ^^^^^^^^^^^^^^^^^^^^^^^
  File "c:\Users\Dorsa-Co\Desktop\temp\newsolarpanelinspection\myenv\Lib\site-packages\django\template\base.py", line 199, in compile_nodelist
    nodelist = parser.parse()
               ^^^^^^^^^^^^^^
  File "c:\Users\Dorsa-Co\Desktop\temp\newsolarpanelinspection\myenv\Lib\site-packages\django\template\base.py", line 556, in parse
    raise self.error(token, e)
  File "c:\Users\Dorsa-Co\Desktop\temp\newsolarpanelinspection\myenv\Lib\site-packages\django\template\base.py", line 554, in parse
    filter_expression = self.compile_filter(token.contents)
                        ^^^^^^^^^^^^^^^^^^^^^^^^^^^^^^^^^^^
  File "c:\Users\Dorsa-Co\Desktop\temp\newsolarpanelinspection\myenv\Lib\site-packages\django\template\base.py", line 676, in compile_filter
    return FilterExpression(token, self)
           ^^^^^^^^^^^^^^^^^^^^^^^^^^^^^
  File "c:\Users\Dorsa-Co\Desktop\temp\newsolarpanelinspection\myenv\Lib\site-packages\django\template\base.py", line 771, in __init__
    filter_func = parser.find_filter(filter_name)
                  ^^^^^^^^^^^^^^^^^^^^^^^^^^^^^^^
  File "c:\Users\Dorsa-Co\Desktop\temp\newsolarpanelinspection\myenv\Lib\site-packages\django\template\base.py", line 682, in find_filter
    raise TemplateSyntaxError("Invalid filter: '%s'" % filter_name)
django.template.exceptions.TemplateSyntaxError: Template: C:\Users\Dorsa-Co\Desktop\wedding_digital\invitation\templates\invitation\home.html, Invalid filter: 'to_shamsi'
ERROR 2026-08-09 10:13:15,474 Internal Server Error: /
Traceback (most recent call last):
  File "c:\Users\Dorsa-Co\Desktop\temp\newsolarpanelinspection\myenv\Lib\site-packages\django\core\handlers\exception.py", line 55, in inner
    response = get_response(request)
               ^^^^^^^^^^^^^^^^^^^^^
  File "c:\Users\Dorsa-Co\Desktop\temp\newsolarpanelinspection\myenv\Lib\site-packages\django\core\handlers\base.py", line 198, in _get_response
    response = wrapped_callback(request, *callback_args, **callback_kwargs)
               ^^^^^^^^^^^^^^^^^^^^^^^^^^^^^^^^^^^^^^^^^^^^^^^^^^^^^^^^^^^^
  File "C:\Users\Dorsa-Co\Desktop\wedding_digital\invitation\views.py", line 34, in invitation_view
    return render(request, 'invitation/home.html', {'invitation': invitation})
           ^^^^^^^^^^^^^^^^^^^^^^^^^^^^^^^^^^^^^^^^^^^^^^^^^^^^^^^^^^^^^^^^^^^
  File "c:\Users\Dorsa-Co\Desktop\temp\newsolarpanelinspection\myenv\Lib\site-packages\django\shortcuts.py", line 25, in render
    content = loader.render_to_string(template_name, context, request, using=using)
              ^^^^^^^^^^^^^^^^^^^^^^^^^^^^^^^^^^^^^^^^^^^^^^^^^^^^^^^^^^^^^^^^^^^^^
  File "c:\Users\Dorsa-Co\Desktop\temp\newsolarpanelinspection\myenv\Lib\site-packages\django\template\loader.py", line 61, in render_to_string
    template = get_template(template_name, using=using)
               ^^^^^^^^^^^^^^^^^^^^^^^^^^^^^^^^^^^^^^^^
  File "c:\Users\Dorsa-Co\Desktop\temp\newsolarpanelinspection\myenv\Lib\site-packages\django\template\loader.py", line 15, in get_template
    return engine.get_template(template_name)
           ^^^^^^^^^^^^^^^^^^^^^^^^^^^^^^^^^^
  File "c:\Users\Dorsa-Co\Desktop\temp\newsolarpanelinspection\myenv\Lib\site-packages\django\template\backends\django.py", line 79, in get_template
    return Template(self.engine.get_template(template_name), self)
                    ^^^^^^^^^^^^^^^^^^^^^^^^^^^^^^^^^^^^^^^
  File "c:\Users\Dorsa-Co\Desktop\temp\newsolarpanelinspection\myenv\Lib\site-packages\django\template\engine.py", line 186, in get_template
    template, origin = self.find_template(template_name)
                       ^^^^^^^^^^^^^^^^^^^^^^^^^^^^^^^^^
  File "c:\Users\Dorsa-Co\Desktop\temp\newsolarpanelinspection\myenv\Lib\site-packages\django\template\engine.py", line 159, in find_template
    template = loader.get_template(name, skip=skip)
               ^^^^^^^^^^^^^^^^^^^^^^^^^^^^^^^^^^^^
  File "c:\Users\Dorsa-Co\Desktop\temp\newsolarpanelinspection\myenv\Lib\site-packages\django\template\loaders\cached.py", line 57, in get_template
    template = super().get_template(template_name, skip)
               ^^^^^^^^^^^^^^^^^^^^^^^^^^^^^^^^^^^^^^^^^
  File "c:\Users\Dorsa-Co\Desktop\temp\newsolarpanelinspection\myenv\Lib\site-packages\django\template\loaders\base.py", line 28, in get_template
    return Template(
           ^^^^^^^^^
  File "c:\Users\Dorsa-Co\Desktop\temp\newsolarpanelinspection\myenv\Lib\site-packages\django\template\base.py", line 157, in __init__
    self.nodelist = self.compile_nodelist()
                    ^^^^^^^^^^^^^^^^^^^^^^^
  File "c:\Users\Dorsa-Co\Desktop\temp\newsolarpanelinspection\myenv\Lib\site-packages\django\template\base.py", line 199, in compile_nodelist
    nodelist = parser.parse()
               ^^^^^^^^^^^^^^
  File "c:\Users\Dorsa-Co\Desktop\temp\newsolarpanelinspection\myenv\Lib\site-packages\django\template\base.py", line 556, in parse
    raise self.error(token, e)
  File "c:\Users\Dorsa-Co\Desktop\temp\newsolarpanelinspection\myenv\Lib\site-packages\django\template\base.py", line 554, in parse
    filter_expression = self.compile_filter(token.contents)
                        ^^^^^^^^^^^^^^^^^^^^^^^^^^^^^^^^^^^
  File "c:\Users\Dorsa-Co\Desktop\temp\newsolarpanelinspection\myenv\Lib\site-packages\django\template\base.py", line 676, in compile_filter
    return FilterExpression(token, self)
           ^^^^^^^^^^^^^^^^^^^^^^^^^^^^^
  File "c:\Users\Dorsa-Co\Desktop\temp\newsolarpanelinspection\myenv\Lib\site-packages\django\template\base.py", line 771, in __init__
    filter_func = parser.find_filter(filter_name)
                  ^^^^^^^^^^^^^^^^^^^^^^^^^^^^^^^
  File "c:\Users\Dorsa-Co\Desktop\temp\newsolarpanelinspection\myenv\Lib\site-packages\django\template\base.py", line 682, in find_filter
    raise TemplateSyntaxError("Invalid filter: '%s'" % filter_name)
django.template.exceptions.TemplateSyntaxError: Template: C:\Users\Dorsa-Co\Desktop\wedding_digital\invitation\templates\invitation\home.html, Invalid filter: 'to_shamsi'
ERROR 2026-08-09 10:13:16,860 Internal Server Error: /
Traceback (most recent call last):
  File "c:\Users\Dorsa-Co\Desktop\temp\newsolarpanelinspection\myenv\Lib\site-packages\django\core\handlers\exception.py", line 55, in inner
    response = get_response(request)
               ^^^^^^^^^^^^^^^^^^^^^
  File "c:\Users\Dorsa-Co\Desktop\temp\newsolarpanelinspection\myenv\Lib\site-packages\django\core\handlers\base.py", line 198, in _get_response
    response = wrapped_callback(request, *callback_args, **callback_kwargs)
               ^^^^^^^^^^^^^^^^^^^^^^^^^^^^^^^^^^^^^^^^^^^^^^^^^^^^^^^^^^^^
  File "C:\Users\Dorsa-Co\Desktop\wedding_digital\invitation\views.py", line 34, in invitation_view
    return render(request, 'invitation/home.html', {'invitation': invitation})
           ^^^^^^^^^^^^^^^^^^^^^^^^^^^^^^^^^^^^^^^^^^^^^^^^^^^^^^^^^^^^^^^^^^^
  File "c:\Users\Dorsa-Co\Desktop\temp\newsolarpanelinspection\myenv\Lib\site-packages\django\shortcuts.py", line 25, in render
    content = loader.render_to_string(template_name, context, request, using=using)
              ^^^^^^^^^^^^^^^^^^^^^^^^^^^^^^^^^^^^^^^^^^^^^^^^^^^^^^^^^^^^^^^^^^^^^
  File "c:\Users\Dorsa-Co\Desktop\temp\newsolarpanelinspection\myenv\Lib\site-packages\django\template\loader.py", line 61, in render_to_string
    template = get_template(template_name, using=using)
               ^^^^^^^^^^^^^^^^^^^^^^^^^^^^^^^^^^^^^^^^
  File "c:\Users\Dorsa-Co\Desktop\temp\newsolarpanelinspection\myenv\Lib\site-packages\django\template\loader.py", line 15, in get_template
    return engine.get_template(template_name)
           ^^^^^^^^^^^^^^^^^^^^^^^^^^^^^^^^^^
  File "c:\Users\Dorsa-Co\Desktop\temp\newsolarpanelinspection\myenv\Lib\site-packages\django\template\backends\django.py", line 79, in get_template
    return Template(self.engine.get_template(template_name), self)
                    ^^^^^^^^^^^^^^^^^^^^^^^^^^^^^^^^^^^^^^^
  File "c:\Users\Dorsa-Co\Desktop\temp\newsolarpanelinspection\myenv\Lib\site-packages\django\template\engine.py", line 186, in get_template
    template, origin = self.find_template(template_name)
                       ^^^^^^^^^^^^^^^^^^^^^^^^^^^^^^^^^
  File "c:\Users\Dorsa-Co\Desktop\temp\newsolarpanelinspection\myenv\Lib\site-packages\django\template\engine.py", line 159, in find_template
    template = loader.get_template(name, skip=skip)
               ^^^^^^^^^^^^^^^^^^^^^^^^^^^^^^^^^^^^
  File "c:\Users\Dorsa-Co\Desktop\temp\newsolarpanelinspection\myenv\Lib\site-packages\django\template\loaders\cached.py", line 57, in get_template
    template = super().get_template(template_name, skip)
               ^^^^^^^^^^^^^^^^^^^^^^^^^^^^^^^^^^^^^^^^^
  File "c:\Users\Dorsa-Co\Desktop\temp\newsolarpanelinspection\myenv\Lib\site-packages\django\template\loaders\base.py", line 28, in get_template
    return Template(
           ^^^^^^^^^
  File "c:\Users\Dorsa-Co\Desktop\temp\newsolarpanelinspection\myenv\Lib\site-packages\django\template\base.py", line 157, in __init__
    self.nodelist = self.compile_nodelist()
                    ^^^^^^^^^^^^^^^^^^^^^^^
  File "c:\Users\Dorsa-Co\Desktop\temp\newsolarpanelinspection\myenv\Lib\site-packages\django\template\base.py", line 199, in compile_nodelist
    nodelist = parser.parse()
               ^^^^^^^^^^^^^^
  File "c:\Users\Dorsa-Co\Desktop\temp\newsolarpanelinspection\myenv\Lib\site-packages\django\template\base.py", line 556, in parse
    raise self.error(token, e)
  File "c:\Users\Dorsa-Co\Desktop\temp\newsolarpanelinspection\myenv\Lib\site-packages\django\template\base.py", line 554, in parse
    filter_expression = self.compile_filter(token.contents)
                        ^^^^^^^^^^^^^^^^^^^^^^^^^^^^^^^^^^^
  File "c:\Users\Dorsa-Co\Desktop\temp\newsolarpanelinspection\myenv\Lib\site-packages\django\template\base.py", line 676, in compile_filter
    return FilterExpression(token, self)
           ^^^^^^^^^^^^^^^^^^^^^^^^^^^^^
  File "c:\Users\Dorsa-Co\Desktop\temp\newsolarpanelinspection\myenv\Lib\site-packages\django\template\base.py", line 771, in __init__
    filter_func = parser.find_filter(filter_name)
                  ^^^^^^^^^^^^^^^^^^^^^^^^^^^^^^^
  File "c:\Users\Dorsa-Co\Desktop\temp\newsolarpanelinspection\myenv\Lib\site-packages\django\template\base.py", line 682, in find_filter
    raise TemplateSyntaxError("Invalid filter: '%s'" % filter_name)
django.template.exceptions.TemplateSyntaxError: Template: C:\Users\Dorsa-Co\Desktop\wedding_digital\invitation\templates\invitation\home.html, Invalid filter: 'to_shamsi'
ERROR 2026-08-09 10:13:17,575 Internal Server Error: /
Traceback (most recent call last):
  File "c:\Users\Dorsa-Co\Desktop\temp\newsolarpanelinspection\myenv\Lib\site-packages\django\core\handlers\exception.py", line 55, in inner
    response = get_response(request)
               ^^^^^^^^^^^^^^^^^^^^^
  File "c:\Users\Dorsa-Co\Desktop\temp\newsolarpanelinspection\myenv\Lib\site-packages\django\core\handlers\base.py", line 198, in _get_response
    response = wrapped_callback(request, *callback_args, **callback_kwargs)
               ^^^^^^^^^^^^^^^^^^^^^^^^^^^^^^^^^^^^^^^^^^^^^^^^^^^^^^^^^^^^
  File "C:\Users\Dorsa-Co\Desktop\wedding_digital\invitation\views.py", line 34, in invitation_view
    return render(request, 'invitation/home.html', {'invitation': invitation})
           ^^^^^^^^^^^^^^^^^^^^^^^^^^^^^^^^^^^^^^^^^^^^^^^^^^^^^^^^^^^^^^^^^^^
  File "c:\Users\Dorsa-Co\Desktop\temp\newsolarpanelinspection\myenv\Lib\site-packages\django\shortcuts.py", line 25, in render
    content = loader.render_to_string(template_name, context, request, using=using)
              ^^^^^^^^^^^^^^^^^^^^^^^^^^^^^^^^^^^^^^^^^^^^^^^^^^^^^^^^^^^^^^^^^^^^^
  File "c:\Users\Dorsa-Co\Desktop\temp\newsolarpanelinspection\myenv\Lib\site-packages\django\template\loader.py", line 61, in render_to_string
    template = get_template(template_name, using=using)
               ^^^^^^^^^^^^^^^^^^^^^^^^^^^^^^^^^^^^^^^^
  File "c:\Users\Dorsa-Co\Desktop\temp\newsolarpanelinspection\myenv\Lib\site-packages\django\template\loader.py", line 15, in get_template
    return engine.get_template(template_name)
           ^^^^^^^^^^^^^^^^^^^^^^^^^^^^^^^^^^
  File "c:\Users\Dorsa-Co\Desktop\temp\newsolarpanelinspection\myenv\Lib\site-packages\django\template\backends\django.py", line 79, in get_template
    return Template(self.engine.get_template(template_name), self)
                    ^^^^^^^^^^^^^^^^^^^^^^^^^^^^^^^^^^^^^^^
  File "c:\Users\Dorsa-Co\Desktop\temp\newsolarpanelinspection\myenv\Lib\site-packages\django\template\engine.py", line 186, in get_template
    template, origin = self.find_template(template_name)
                       ^^^^^^^^^^^^^^^^^^^^^^^^^^^^^^^^^
  File "c:\Users\Dorsa-Co\Desktop\temp\newsolarpanelinspection\myenv\Lib\site-packages\django\template\engine.py", line 159, in find_template
    template = loader.get_template(name, skip=skip)
               ^^^^^^^^^^^^^^^^^^^^^^^^^^^^^^^^^^^^
  File "c:\Users\Dorsa-Co\Desktop\temp\newsolarpanelinspection\myenv\Lib\site-packages\django\template\loaders\cached.py", line 57, in get_template
    template = super().get_template(template_name, skip)
               ^^^^^^^^^^^^^^^^^^^^^^^^^^^^^^^^^^^^^^^^^
  File "c:\Users\Dorsa-Co\Desktop\temp\newsolarpanelinspection\myenv\Lib\site-packages\django\template\loaders\base.py", line 28, in get_template
    return Template(
           ^^^^^^^^^
  File "c:\Users\Dorsa-Co\Desktop\temp\newsolarpanelinspection\myenv\Lib\site-packages\django\template\base.py", line 157, in __init__
    self.nodelist = self.compile_nodelist()
                    ^^^^^^^^^^^^^^^^^^^^^^^
  File "c:\Users\Dorsa-Co\Desktop\temp\newsolarpanelinspection\myenv\Lib\site-packages\django\template\base.py", line 199, in compile_nodelist
    nodelist = parser.parse()
               ^^^^^^^^^^^^^^
  File "c:\Users\Dorsa-Co\Desktop\temp\newsolarpanelinspection\myenv\Lib\site-packages\django\template\base.py", line 556, in parse
    raise self.error(token, e)
  File "c:\Users\Dorsa-Co\Desktop\temp\newsolarpanelinspection\myenv\Lib\site-packages\django\template\base.py", line 554, in parse
    filter_expression = self.compile_filter(token.contents)
                        ^^^^^^^^^^^^^^^^^^^^^^^^^^^^^^^^^^^
  File "c:\Users\Dorsa-Co\Desktop\temp\newsolarpanelinspection\myenv\Lib\site-packages\django\template\base.py", line 676, in compile_filter
    return FilterExpression(token, self)
           ^^^^^^^^^^^^^^^^^^^^^^^^^^^^^
  File "c:\Users\Dorsa-Co\Desktop\temp\newsolarpanelinspection\myenv\Lib\site-packages\django\template\base.py", line 771, in __init__
    filter_func = parser.find_filter(filter_name)
                  ^^^^^^^^^^^^^^^^^^^^^^^^^^^^^^^
  File "c:\Users\Dorsa-Co\Desktop\temp\newsolarpanelinspection\myenv\Lib\site-packages\django\template\base.py", line 682, in find_filter
    raise TemplateSyntaxError("Invalid filter: '%s'" % filter_name)
django.template.exceptions.TemplateSyntaxError: Template: C:\Users\Dorsa-Co\Desktop\wedding_digital\invitation\templates\invitation\home.html, Invalid filter: 'to_shamsi'
ERROR 2026-08-09 10:13:46,569 Internal Server Error: /
Traceback (most recent call last):
  File "c:\Users\Dorsa-Co\Desktop\temp\newsolarpanelinspection\myenv\Lib\site-packages\django\core\handlers\exception.py", line 55, in inner
    response = get_response(request)
               ^^^^^^^^^^^^^^^^^^^^^
  File "c:\Users\Dorsa-Co\Desktop\temp\newsolarpanelinspection\myenv\Lib\site-packages\django\core\handlers\base.py", line 198, in _get_response
    response = wrapped_callback(request, *callback_args, **callback_kwargs)
               ^^^^^^^^^^^^^^^^^^^^^^^^^^^^^^^^^^^^^^^^^^^^^^^^^^^^^^^^^^^^
  File "C:\Users\Dorsa-Co\Desktop\wedding_digital\invitation\views.py", line 34, in invitation_view
    return render(request, 'invitation/home.html', {'invitation': invitation})
           ^^^^^^^^^^^^^^^^^^^^^^^^^^^^^^^^^^^^^^^^^^^^^^^^^^^^^^^^^^^^^^^^^^^
  File "c:\Users\Dorsa-Co\Desktop\temp\newsolarpanelinspection\myenv\Lib\site-packages\django\shortcuts.py", line 25, in render
    content = loader.render_to_string(template_name, context, request, using=using)
              ^^^^^^^^^^^^^^^^^^^^^^^^^^^^^^^^^^^^^^^^^^^^^^^^^^^^^^^^^^^^^^^^^^^^^
  File "c:\Users\Dorsa-Co\Desktop\temp\newsolarpanelinspection\myenv\Lib\site-packages\django\template\loader.py", line 61, in render_to_string
    template = get_template(template_name, using=using)
               ^^^^^^^^^^^^^^^^^^^^^^^^^^^^^^^^^^^^^^^^
  File "c:\Users\Dorsa-Co\Desktop\temp\newsolarpanelinspection\myenv\Lib\site-packages\django\template\loader.py", line 15, in get_template
    return engine.get_template(template_name)
           ^^^^^^^^^^^^^^^^^^^^^^^^^^^^^^^^^^
  File "c:\Users\Dorsa-Co\Desktop\temp\newsolarpanelinspection\myenv\Lib\site-packages\django\template\backends\django.py", line 79, in get_template
    return Template(self.engine.get_template(template_name), self)
                    ^^^^^^^^^^^^^^^^^^^^^^^^^^^^^^^^^^^^^^^
  File "c:\Users\Dorsa-Co\Desktop\temp\newsolarpanelinspection\myenv\Lib\site-packages\django\template\engine.py", line 186, in get_template
    template, origin = self.find_template(template_name)
                       ^^^^^^^^^^^^^^^^^^^^^^^^^^^^^^^^^
  File "c:\Users\Dorsa-Co\Desktop\temp\newsolarpanelinspection\myenv\Lib\site-packages\django\template\engine.py", line 159, in find_template
    template = loader.get_template(name, skip=skip)
               ^^^^^^^^^^^^^^^^^^^^^^^^^^^^^^^^^^^^
  File "c:\Users\Dorsa-Co\Desktop\temp\newsolarpanelinspection\myenv\Lib\site-packages\django\template\loaders\cached.py", line 57, in get_template
    template = super().get_template(template_name, skip)
               ^^^^^^^^^^^^^^^^^^^^^^^^^^^^^^^^^^^^^^^^^
  File "c:\Users\Dorsa-Co\Desktop\temp\newsolarpanelinspection\myenv\Lib\site-packages\django\template\loaders\base.py", line 28, in get_template
    return Template(
           ^^^^^^^^^
  File "c:\Users\Dorsa-Co\Desktop\temp\newsolarpanelinspection\myenv\Lib\site-packages\django\template\base.py", line 157, in __init__
    self.nodelist = self.compile_nodelist()
                    ^^^^^^^^^^^^^^^^^^^^^^^
  File "c:\Users\Dorsa-Co\Desktop\temp\newsolarpanelinspection\myenv\Lib\site-packages\django\template\base.py", line 199, in compile_nodelist
    nodelist = parser.parse()
               ^^^^^^^^^^^^^^
  File "c:\Users\Dorsa-Co\Desktop\temp\newsolarpanelinspection\myenv\Lib\site-packages\django\template\base.py", line 556, in parse
    raise self.error(token, e)
  File "c:\Users\Dorsa-Co\Desktop\temp\newsolarpanelinspection\myenv\Lib\site-packages\django\template\base.py", line 554, in parse
    filter_expression = self.compile_filter(token.contents)
                        ^^^^^^^^^^^^^^^^^^^^^^^^^^^^^^^^^^^
  File "c:\Users\Dorsa-Co\Desktop\temp\newsolarpanelinspection\myenv\Lib\site-packages\django\template\base.py", line 676, in compile_filter
    return FilterExpression(token, self)
           ^^^^^^^^^^^^^^^^^^^^^^^^^^^^^
  File "c:\Users\Dorsa-Co\Desktop\temp\newsolarpanelinspection\myenv\Lib\site-packages\django\template\base.py", line 771, in __init__
    filter_func = parser.find_filter(filter_name)
                  ^^^^^^^^^^^^^^^^^^^^^^^^^^^^^^^
  File "c:\Users\Dorsa-Co\Desktop\temp\newsolarpanelinspection\myenv\Lib\site-packages\django\template\base.py", line 682, in find_filter
    raise TemplateSyntaxError("Invalid filter: '%s'" % filter_name)
django.template.exceptions.TemplateSyntaxError: Template: C:\Users\Dorsa-Co\Desktop\wedding_digital\invitation\templates\invitation\home.html, Invalid filter: 'to_shamsi'
ERROR 2026-08-09 10:13:47,467 Internal Server Error: /
Traceback (most recent call last):
  File "c:\Users\Dorsa-Co\Desktop\temp\newsolarpanelinspection\myenv\Lib\site-packages\django\core\handlers\exception.py", line 55, in inner
    response = get_response(request)
               ^^^^^^^^^^^^^^^^^^^^^
  File "c:\Users\Dorsa-Co\Desktop\temp\newsolarpanelinspection\myenv\Lib\site-packages\django\core\handlers\base.py", line 198, in _get_response
    response = wrapped_callback(request, *callback_args, **callback_kwargs)
               ^^^^^^^^^^^^^^^^^^^^^^^^^^^^^^^^^^^^^^^^^^^^^^^^^^^^^^^^^^^^
  File "C:\Users\Dorsa-Co\Desktop\wedding_digital\invitation\views.py", line 34, in invitation_view
    return render(request, 'invitation/home.html', {'invitation': invitation})
           ^^^^^^^^^^^^^^^^^^^^^^^^^^^^^^^^^^^^^^^^^^^^^^^^^^^^^^^^^^^^^^^^^^^
  File "c:\Users\Dorsa-Co\Desktop\temp\newsolarpanelinspection\myenv\Lib\site-packages\django\shortcuts.py", line 25, in render
    content = loader.render_to_string(template_name, context, request, using=using)
              ^^^^^^^^^^^^^^^^^^^^^^^^^^^^^^^^^^^^^^^^^^^^^^^^^^^^^^^^^^^^^^^^^^^^^
  File "c:\Users\Dorsa-Co\Desktop\temp\newsolarpanelinspection\myenv\Lib\site-packages\django\template\loader.py", line 61, in render_to_string
    template = get_template(template_name, using=using)
               ^^^^^^^^^^^^^^^^^^^^^^^^^^^^^^^^^^^^^^^^
  File "c:\Users\Dorsa-Co\Desktop\temp\newsolarpanelinspection\myenv\Lib\site-packages\django\template\loader.py", line 15, in get_template
    return engine.get_template(template_name)
           ^^^^^^^^^^^^^^^^^^^^^^^^^^^^^^^^^^
  File "c:\Users\Dorsa-Co\Desktop\temp\newsolarpanelinspection\myenv\Lib\site-packages\django\template\backends\django.py", line 79, in get_template
    return Template(self.engine.get_template(template_name), self)
                    ^^^^^^^^^^^^^^^^^^^^^^^^^^^^^^^^^^^^^^^
  File "c:\Users\Dorsa-Co\Desktop\temp\newsolarpanelinspection\myenv\Lib\site-packages\django\template\engine.py", line 186, in get_template
    template, origin = self.find_template(template_name)
                       ^^^^^^^^^^^^^^^^^^^^^^^^^^^^^^^^^
  File "c:\Users\Dorsa-Co\Desktop\temp\newsolarpanelinspection\myenv\Lib\site-packages\django\template\engine.py", line 159, in find_template
    template = loader.get_template(name, skip=skip)
               ^^^^^^^^^^^^^^^^^^^^^^^^^^^^^^^^^^^^
  File "c:\Users\Dorsa-Co\Desktop\temp\newsolarpanelinspection\myenv\Lib\site-packages\django\template\loaders\cached.py", line 57, in get_template
    template = super().get_template(template_name, skip)
               ^^^^^^^^^^^^^^^^^^^^^^^^^^^^^^^^^^^^^^^^^
  File "c:\Users\Dorsa-Co\Desktop\temp\newsolarpanelinspection\myenv\Lib\site-packages\django\template\loaders\base.py", line 28, in get_template
    return Template(
           ^^^^^^^^^
  File "c:\Users\Dorsa-Co\Desktop\temp\newsolarpanelinspection\myenv\Lib\site-packages\django\template\base.py", line 157, in __init__
    self.nodelist = self.compile_nodelist()
                    ^^^^^^^^^^^^^^^^^^^^^^^
  File "c:\Users\Dorsa-Co\Desktop\temp\newsolarpanelinspection\myenv\Lib\site-packages\django\template\base.py", line 199, in compile_nodelist
    nodelist = parser.parse()
               ^^^^^^^^^^^^^^
  File "c:\Users\Dorsa-Co\Desktop\temp\newsolarpanelinspection\myenv\Lib\site-packages\django\template\base.py", line 556, in parse
    raise self.error(token, e)
  File "c:\Users\Dorsa-Co\Desktop\temp\newsolarpanelinspection\myenv\Lib\site-packages\django\template\base.py", line 554, in parse
    filter_expression = self.compile_filter(token.contents)
                        ^^^^^^^^^^^^^^^^^^^^^^^^^^^^^^^^^^^
  File "c:\Users\Dorsa-Co\Desktop\temp\newsolarpanelinspection\myenv\Lib\site-packages\django\template\base.py", line 676, in compile_filter
    return FilterExpression(token, self)
           ^^^^^^^^^^^^^^^^^^^^^^^^^^^^^
  File "c:\Users\Dorsa-Co\Desktop\temp\newsolarpanelinspection\myenv\Lib\site-packages\django\template\base.py", line 771, in __init__
    filter_func = parser.find_filter(filter_name)
                  ^^^^^^^^^^^^^^^^^^^^^^^^^^^^^^^
  File "c:\Users\Dorsa-Co\Desktop\temp\newsolarpanelinspection\myenv\Lib\site-packages\django\template\base.py", line 682, in find_filter
    raise TemplateSyntaxError("Invalid filter: '%s'" % filter_name)
django.template.exceptions.TemplateSyntaxError: Template: C:\Users\Dorsa-Co\Desktop\wedding_digital\invitation\templates\invitation\home.html, Invalid filter: 'to_shamsi'
